MPLINK 5.00, LINKER
Linker Map File - Created Wed May 11 00:48:15 2016

                                 Section Info
                  Section       Type    Address   Location Size(Bytes)
                ---------  ---------  ---------  ---------  ---------
               _entry_scn       code   0x000000    program   0x000006
REMAPPED_HIGH_INTERRUPT_VECTOR       code   0x000008    program   0x000006
REMAPPED_LOW_INTERRUPT_VECTOR       code   0x000018    program   0x000006
                   .cinit    romdata   0x00002a    program   0x000002
       .code_usb_device.o       code   0x00002c    program   0x00104a
 .code_usb_function_cdc.o       code   0x001076    program   0x00044e
             .code_main.o       code   0x0014c4    program   0x0002a0
.romdata_usb_descriptors.o    romdata   0x001764    program   0x0000c9
        .romdata___init.o    romdata   0x00182d    program   0x000000
        .idata___init.o_i    romdata   0x00182d    program   0x000000
.idata_usb_descriptors.o_i    romdata   0x00182d    program   0x000000
          .romdata_main.o    romdata   0x00182d    program   0x000000
         .idata_c018i.o_i    romdata   0x00182d    program   0x000000
         .romdata_c018i.o    romdata   0x00182d    program   0x000000
.idata_usb_function_cdc.o_i    romdata   0x00182d    program   0x000000
          .idata_main.o_i    romdata   0x00182d    program   0x000000
    .romdata_usb_device.o    romdata   0x00182d    program   0x000000
.romdata_usb_function_cdc.o    romdata   0x00182d    program   0x000000
    .idata_usb_device.o_i    romdata   0x00182d    program   0x000000
            .code_c018i.o       code   0x00182e    program   0x000000
  .code_usb_descriptors.o       code   0x00182e    program   0x000000
               _cinit_scn       code   0x00182e    program   0x00009e
                   STRING       code   0x0018cc    program   0x000034
                    .code       code   0x001900    program   0x000020
             _startup_scn       code   0x001920    program   0x00001c
              D10TCYXCODE       code   0x00193c    program   0x000016
           .code___init.o       code   0x001952    program   0x000002
                    dbgP0       code   0x007dc0    program   0x000240
    .config_300000_main.o    romdata   0x300000    program   0x000001
    .config_300001_main.o    romdata   0x300001    program   0x000001
    .config_300002_main.o    romdata   0x300002    program   0x000001
    .config_300003_main.o    romdata   0x300003    program   0x000001
    .config_300005_main.o    romdata   0x300005    program   0x000001
    .config_300006_main.o    romdata   0x300006    program   0x000001
    .config_300008_main.o    romdata   0x300008    program   0x000001
    .config_300009_main.o    romdata   0x300009    program   0x000001
    .config_30000a_main.o    romdata   0x30000a    program   0x000001
    .config_30000b_main.o    romdata   0x30000b    program   0x000001
    .config_30000c_main.o    romdata   0x30000c    program   0x000001
    .config_30000d_main.o    romdata   0x30000d    program   0x000001
                MATH_DATA      udata   0x000000       data   0x00000b
                 .tmpdata      udata   0x00000b       data   0x000003
            .udata_main.o      udata   0x000060       data   0x000082
.udata_usb_function_cdc.o      udata   0x0000e2       data   0x000019
           .idata_c018i.o      idata   0x0000fb       data   0x000000
.idata_usb_function_cdc.o      idata   0x0000fb       data   0x000000
          .idata___init.o      idata   0x0000fb       data   0x000000
          .udata___init.o      udata   0x0000fb       data   0x000000
      .idata_usb_device.o      idata   0x0000fb       data   0x000000
 .idata_usb_descriptors.o      idata   0x0000fb       data   0x000000
            .idata_main.o      idata   0x0000fb       data   0x000000
 .udata_usb_descriptors.o      udata   0x0000fb       data   0x000000
                   .stack      udata   0x000200       data   0x000100
      .udata_usb_device.o      udata   0x000300       data   0x000036
           .udata_c018i.o      udata   0x000336       data   0x00000a
                    dbgD0      udata   0x0003f4       data   0x00000c
                  USB_BDT      udata   0x000400       data   0x000050
            USB_VARIABLES      udata   0x000500       data   0x00008f
            SFR_UNBANKED0      udata   0x000f66       data   0x00009a



                              Program Memory Usage 
                               Start         End      
                           ---------   ---------      
                            0x000000    0x000005      
                            0x000008    0x00000d      
                            0x000018    0x00001d      
                            0x00002a    0x00182c      
                            0x00182e    0x001953      
                            0x007dc0    0x007fff      
                            0x300000    0x300003      
                            0x300005    0x300006      
                            0x300008    0x30000d      
            7047 out of 33048 program addresses used, program memory utilization is 21%



                              Symbols - Sorted by Name
                     Name    Address   Location    Storage File                     
                ---------  ---------  ---------  --------- ---------                
           BlinkUSBStatus   0x00169e    program     extern C:\dev\PSGModule\Firmware\main.c
                CDCInitEP   0x001112    program     extern C:\dev\PSGModule\Firmware\MCHPFSUSB2.5\Usb\CDC Device Driver\usb_function_cdc.c
             CDCTxService   0x001376    program     extern C:\dev\PSGModule\Firmware\MCHPFSUSB2.5\Usb\CDC Device Driver\usb_function_cdc.c
                    D10_1   0x00194c    program     static E:\3.46\pic18-lt\cxx-framework\src\traditional\delays\d10tcyx.asm
                     D10x   0x001944    program     static E:\3.46\pic18-lt\cxx-framework\src\traditional\delays\d10tcyx.asm
              Delay10TCYx   0x00193c    program     extern E:\3.46\pic18-lt\cxx-framework\src\traditional\delays\d10tcyx.asm
         InitializeSystem   0x00159a    program     static C:\dev\PSGModule\Firmware\main.c
                ProcessIO   0x0015c8    program     extern C:\dev\PSGModule\Firmware\main.c
        Remapped_High_ISR   0x000008    program     extern C:\dev\PSGModule\Firmware\main.c
         Remapped_Low_ISR   0x000018    program     extern C:\dev\PSGModule\Firmware\main.c
       USBCBCheckOtherReq   0x0016a8    program     extern C:\dev\PSGModule\Firmware\main.c
        USBCBErrorHandler   0x0016a6    program     extern C:\dev\PSGModule\Firmware\main.c
              USBCBInitEP   0x0016ae    program     extern C:\dev\PSGModule\Firmware\main.c
          USBCBSendResume   0x0016b2    program     extern C:\dev\PSGModule\Firmware\main.c
    USBCBStdSetDscHandler   0x0016ac    program     extern C:\dev\PSGModule\Firmware\main.c
             USBCBSuspend   0x0016a0    program     extern C:\dev\PSGModule\Firmware\main.c
     USBCBWakeFromSuspend   0x0016a2    program     extern C:\dev\PSGModule\Firmware\main.c
        USBCB_SOF_Handler   0x0016a4    program     extern C:\dev\PSGModule\Firmware\main.c
       USBCheckCDCRequest   0x001076    program     extern C:\dev\PSGModule\Firmware\MCHPFSUSB2.5\Usb\CDC Device Driver\usb_function_cdc.c
       USBCheckStdRequest   0x00058c    program     extern C:\dev\PSGModule\Firmware\MCHPFSUSB2.5\Usb\usb_device.c
    USBClearInterruptFlag   0x001004    program     extern C:\dev\PSGModule\Firmware\MCHPFSUSB2.5\Usb\usb_device.c
     USBConfigureEndpoint   0x000d14    program     extern C:\dev\PSGModule\Firmware\MCHPFSUSB2.5\Usb\usb_device.c
         USBCtrlEPService   0x000328    program     extern C:\dev\PSGModule\Firmware\MCHPFSUSB2.5\Usb\usb_device.c
 USBCtrlEPServiceComplete   0x0008b2    program     extern C:\dev\PSGModule\Firmware\MCHPFSUSB2.5\Usb\usb_device.c
      USBCtrlTrfInHandler   0x000494    program     extern C:\dev\PSGModule\Firmware\MCHPFSUSB2.5\Usb\usb_device.c
     USBCtrlTrfOutHandler   0x000448    program     extern C:\dev\PSGModule\Firmware\MCHPFSUSB2.5\Usb\usb_device.c
      USBCtrlTrfRxService   0x000b68    program     extern C:\dev\PSGModule\Firmware\MCHPFSUSB2.5\Usb\usb_device.c
   USBCtrlTrfSetupHandler   0x000402    program     extern C:\dev\PSGModule\Firmware\MCHPFSUSB2.5\Usb\usb_device.c
      USBCtrlTrfTxService   0x000a56    program     extern C:\dev\PSGModule\Firmware\MCHPFSUSB2.5\Usb\usb_device.c
          USBDeviceAttach   0x001048    program     extern C:\dev\PSGModule\Firmware\MCHPFSUSB2.5\Usb\usb_device.c
          USBDeviceDetach   0x00103a    program     extern C:\dev\PSGModule\Firmware\MCHPFSUSB2.5\Usb\usb_device.c
            USBDeviceInit   0x00002c    program     extern C:\dev\PSGModule\Firmware\MCHPFSUSB2.5\Usb\usb_device.c
           USBDeviceTasks   0x0000dc    program     extern C:\dev\PSGModule\Firmware\MCHPFSUSB2.5\Usb\usb_device.c
        USBEnableEndpoint   0x000dde    program     extern C:\dev\PSGModule\Firmware\MCHPFSUSB2.5\Usb\usb_device.c
USBPrepareForNextSetupTrf   0x000528    program     extern C:\dev\PSGModule\Firmware\MCHPFSUSB2.5\Usb\usb_device.c
         USBStallEndpoint   0x000e4a    program     extern C:\dev\PSGModule\Firmware\MCHPFSUSB2.5\Usb\usb_device.c
          USBStallHandler   0x00026c    program     extern C:\dev\PSGModule\Firmware\MCHPFSUSB2.5\Usb\usb_device.c
  USBStdFeatureReqHandler   0x00064a    program     extern C:\dev\PSGModule\Firmware\MCHPFSUSB2.5\Usb\usb_device.c
      USBStdGetDscHandler   0x000756    program     extern C:\dev\PSGModule\Firmware\MCHPFSUSB2.5\Usb\usb_device.c
   USBStdGetStatusHandler   0x000804    program     extern C:\dev\PSGModule\Firmware\MCHPFSUSB2.5\Usb\usb_device.c
      USBStdSetCfgHandler   0x000ca2    program     extern C:\dev\PSGModule\Firmware\MCHPFSUSB2.5\Usb\usb_device.c
               USBSuspend   0x0002b2    program     extern C:\dev\PSGModule\Firmware\MCHPFSUSB2.5\Usb\usb_device.c
     USBTransferOnePacket   0x000f26    program     extern C:\dev\PSGModule\Firmware\MCHPFSUSB2.5\Usb\usb_device.c
       USBWakeFromSuspend   0x0002ea    program     extern C:\dev\PSGModule\Firmware\MCHPFSUSB2.5\Usb\usb_device.c
               USB_CD_Ptr   0x001825    program     extern C:\dev\PSGModule\Firmware\usb_descriptors.c
               USB_SD_Ptr   0x001827    program     extern C:\dev\PSGModule\Firmware\usb_descriptors.c
USER_USB_CALLBACK_EVENT_HANDLER   0x0016ce    program     extern C:\dev\PSGModule\Firmware\main.c
                 UserInit   0x0015a4    program     extern C:\dev\PSGModule\Firmware\main.c
  YourHighPriorityISRCode   0x0014c4    program     extern C:\dev\PSGModule\Firmware\main.c
   YourLowPriorityISRCode   0x001564    program     extern C:\dev\PSGModule\Firmware\main.c
              _2jContinue   0x0018ec    program     static E:\3.46\pic18-lt\cxx-framework\src\traditional\stdclib\memset.asm
                   _3jEnd   0x0018f6    program     static E:\3.46\pic18-lt\cxx-framework\src\traditional\stdclib\memset.asm
        _D10TCYXCODE_000A   0x001946    program     static E:\3.46\pic18-lt\cxx-framework\src\traditional\delays\d10tcyx.asm
        _D10TCYXCODE_000C   0x001948    program     static E:\3.46\pic18-lt\cxx-framework\src\traditional\delays\d10tcyx.asm
        _D10TCYXCODE_000E   0x00194a    program     static E:\3.46\pic18-lt\cxx-framework\src\traditional\delays\d10tcyx.asm
       ___case_1_lbl00040   0x001752    program     static                          
      ___case_21_lbl00033   0x001736    program     static                          
      ___case_22_lbl00034   0x00173a    program     static                          
      ___case_23_lbl00035   0x00173e    program     static                          
       ___case_2_lbl00036   0x001742    program     static                          
       ___case_3_lbl00038   0x00174a    program     static                          
       ___case_4_lbl00037   0x001746    program     static                          
   ___case_65535_lbl00039   0x00174e    program     static                          
      ___default_lbl00041   0x001756    program     static                          
       ___return_lbl00000   0x00000c    program     static                          
       ___return_lbl00000   0x000004    program     static                          
       ___return_lbl00001   0x00001c    program     static                          
       ___return_lbl00001   0x00193a    program     static                          
       ___return_lbl00002   0x0018ca    program     static                          
       ___return_lbl00031   0x00175c    program     static                          
   ___switchexit_lbl00032   0x001758    program     static                          
               __config_0   0x300000    program     static C:\dev\PSGModule\Firmware\main.c
               __config_1   0x300001    program     static C:\dev\PSGModule\Firmware\main.c
              __config_10   0x30000c    program     static C:\dev\PSGModule\Firmware\main.c
              __config_11   0x30000d    program     static C:\dev\PSGModule\Firmware\main.c
               __config_2   0x300002    program     static C:\dev\PSGModule\Firmware\main.c
               __config_3   0x300003    program     static C:\dev\PSGModule\Firmware\main.c
               __config_4   0x300005    program     static C:\dev\PSGModule\Firmware\main.c
               __config_5   0x300006    program     static C:\dev\PSGModule\Firmware\main.c
               __config_6   0x300008    program     static C:\dev\PSGModule\Firmware\main.c
               __config_7   0x300009    program     static C:\dev\PSGModule\Firmware\main.c
               __config_8   0x30000a    program     static C:\dev\PSGModule\Firmware\main.c
               __config_9   0x30000b    program     static C:\dev\PSGModule\Firmware\main.c
                   __init   0x001952    program     extern E:\3.46\pic18-lt\cxx-framework\src\traditional\stdclib\__init.c
               __tmplbl_2   0x0016ea    program     static                          
               __tmplbl_3   0x0016f6    program     static                          
               __tmplbl_4   0x001700    program     static                          
               __tmplbl_5   0x00170a    program     static                          
               __tmplbl_6   0x001714    program     static                          
               __tmplbl_7   0x00171e    program     static                          
               __tmplbl_8   0x001728    program     static                          
               __tmplbl_9   0x001732    program     static                          
            __zero_memory   0x001900    program     extern E:\3.46\pic18-lt\cxx-framework\src\traditional\proc\p18f2550.asm
                _do_cinit   0x00182e    program     extern E:\3.46\pic18-lt\cxx-framework\src\traditional\startup\c018i.c
                   _entry   0x000000    program     extern E:\3.46\pic18-lt\cxx-framework\src\traditional\startup\c018i.c
                 _startup   0x001920    program     extern E:\3.46\pic18-lt\cxx-framework\src\traditional\startup\c018i.c
                compare_l   0x001916    program     static E:\3.46\pic18-lt\cxx-framework\src\traditional\proc\p18f2550.asm
        configDescriptor1   0x001776    program     extern C:\dev\PSGModule\Firmware\usb_descriptors.c
                copy_loop   0x0018a0    program     static                          
            copy_one_byte   0x0018a6    program     static                          
               device_dsc   0x001764    program     extern C:\dev\PSGModule\Firmware\usb_descriptors.c
                     done   0x0018ca    program     static                          
             done_copying   0x0018b4    program     static                          
             getsUSBUSART   0x00117a    program     extern C:\dev\PSGModule\Firmware\MCHPFSUSB2.5\Usb\CDC Device Driver\usb_function_cdc.c
                     jEnd   0x0018fe    program     static E:\3.46\pic18-lt\cxx-framework\src\traditional\stdclib\memset.asm
                    jLoop   0x0018e0    program     static E:\3.46\pic18-lt\cxx-framework\src\traditional\stdclib\memset.asm
                     loop   0x001930    program     static                          
                   loop_h   0x00190e    program     static E:\3.46\pic18-lt\cxx-framework\src\traditional\proc\p18f2550.asm
                   loop_l   0x001918    program     static E:\3.46\pic18-lt\cxx-framework\src\traditional\proc\p18f2550.asm
                     main   0x001590    program     extern C:\dev\PSGModule\Firmware\main.c
                   memset   0x0018cc    program     extern E:\3.46\pic18-lt\cxx-framework\src\traditional\stdclib\memset.asm
              putUSBUSART   0x00123a    program     extern C:\dev\PSGModule\Firmware\MCHPFSUSB2.5\Usb\CDC Device Driver\usb_function_cdc.c
            putrsUSBUSART   0x0012f0    program     extern C:\dev\PSGModule\Firmware\MCHPFSUSB2.5\Usb\CDC Device Driver\usb_function_cdc.c
             putsUSBUSART   0x00126c    program     extern C:\dev\PSGModule\Firmware\MCHPFSUSB2.5\Usb\CDC Device Driver\usb_function_cdc.c
                    sd000   0x0017b9    program     extern C:\dev\PSGModule\Firmware\usb_descriptors.c
                    sd001   0x0017bd    program     extern C:\dev\PSGModule\Firmware\usb_descriptors.c
                    sd002   0x0017f1    program     extern C:\dev\PSGModule\Firmware\usb_descriptors.c
                     test   0x001848    program     static                          
               zero_block   0x00190e    program     static E:\3.46\pic18-lt\cxx-framework\src\traditional\proc\p18f2550.asm
                   ADCON0   0x000fc2       data     extern E:\3.46\pic18-lt\cxx-framework\src\traditional\proc\p18f2550.asm
               ADCON0bits   0x000fc2       data     extern E:\3.46\pic18-lt\cxx-framework\src\traditional\proc\p18f2550.asm
                   ADCON1   0x000fc1       data     extern E:\3.46\pic18-lt\cxx-framework\src\traditional\proc\p18f2550.asm
               ADCON1bits   0x000fc1       data     extern E:\3.46\pic18-lt\cxx-framework\src\traditional\proc\p18f2550.asm
                   ADCON2   0x000fc0       data     extern E:\3.46\pic18-lt\cxx-framework\src\traditional\proc\p18f2550.asm
               ADCON2bits   0x000fc0       data     extern E:\3.46\pic18-lt\cxx-framework\src\traditional\proc\p18f2550.asm
                    ADRES   0x000fc3       data     extern E:\3.46\pic18-lt\cxx-framework\src\traditional\proc\p18f2550.asm
                   ADRESH   0x000fc4       data     extern E:\3.46\pic18-lt\cxx-framework\src\traditional\proc\p18f2550.asm
                   ADRESL   0x000fc3       data     extern E:\3.46\pic18-lt\cxx-framework\src\traditional\proc\p18f2550.asm
                  BAUDCON   0x000fb8       data     extern E:\3.46\pic18-lt\cxx-framework\src\traditional\proc\p18f2550.asm
              BAUDCONbits   0x000fb8       data     extern E:\3.46\pic18-lt\cxx-framework\src\traditional\proc\p18f2550.asm
                  BAUDCTL   0x000fb8       data     extern E:\3.46\pic18-lt\cxx-framework\src\traditional\proc\p18f2550.asm
              BAUDCTLbits   0x000fb8       data     extern E:\3.46\pic18-lt\cxx-framework\src\traditional\proc\p18f2550.asm
                      BDT   0x000400       data     extern C:\dev\PSGModule\Firmware\MCHPFSUSB2.5\Usb\usb_device.c
                      BSR   0x000fe0       data     extern E:\3.46\pic18-lt\cxx-framework\src\traditional\proc\p18f2550.asm
              BaudRateGen   0x0000ef       data     extern C:\dev\PSGModule\Firmware\MCHPFSUSB2.5\Usb\CDC Device Driver\usb_function_cdc.c
       BothEP0OutUOWNsSet   0x000329       data     extern C:\dev\PSGModule\Firmware\MCHPFSUSB2.5\Usb\usb_device.c
                   CCP1AS   0x000fb6       data     extern E:\3.46\pic18-lt\cxx-framework\src\traditional\proc\p18f2550.asm
               CCP1ASbits   0x000fb6       data     extern E:\3.46\pic18-lt\cxx-framework\src\traditional\proc\p18f2550.asm
                  CCP1CON   0x000fbd       data     extern E:\3.46\pic18-lt\cxx-framework\src\traditional\proc\p18f2550.asm
              CCP1CONbits   0x000fbd       data     extern E:\3.46\pic18-lt\cxx-framework\src\traditional\proc\p18f2550.asm
                  CCP1DEL   0x000fb7       data     extern E:\3.46\pic18-lt\cxx-framework\src\traditional\proc\p18f2550.asm
              CCP1DELbits   0x000fb7       data     extern E:\3.46\pic18-lt\cxx-framework\src\traditional\proc\p18f2550.asm
                  CCP2CON   0x000fba       data     extern E:\3.46\pic18-lt\cxx-framework\src\traditional\proc\p18f2550.asm
              CCP2CONbits   0x000fba       data     extern E:\3.46\pic18-lt\cxx-framework\src\traditional\proc\p18f2550.asm
                    CCPR1   0x000fbe       data     extern E:\3.46\pic18-lt\cxx-framework\src\traditional\proc\p18f2550.asm
                   CCPR1H   0x000fbf       data     extern E:\3.46\pic18-lt\cxx-framework\src\traditional\proc\p18f2550.asm
                   CCPR1L   0x000fbe       data     extern E:\3.46\pic18-lt\cxx-framework\src\traditional\proc\p18f2550.asm
                    CCPR2   0x000fbb       data     extern E:\3.46\pic18-lt\cxx-framework\src\traditional\proc\p18f2550.asm
                   CCPR2H   0x000fbc       data     extern E:\3.46\pic18-lt\cxx-framework\src\traditional\proc\p18f2550.asm
                   CCPR2L   0x000fbb       data     extern E:\3.46\pic18-lt\cxx-framework\src\traditional\proc\p18f2550.asm
          CDCDataInHandle   0x0000ec       data     extern C:\dev\PSGModule\Firmware\MCHPFSUSB2.5\Usb\CDC Device Driver\usb_function_cdc.c
         CDCDataOutHandle   0x0000ea       data     extern C:\dev\PSGModule\Firmware\MCHPFSUSB2.5\Usb\CDC Device Driver\usb_function_cdc.c
                    CMCON   0x000fb4       data     extern E:\3.46\pic18-lt\cxx-framework\src\traditional\proc\p18f2550.asm
                CMCONbits   0x000fb4       data     extern E:\3.46\pic18-lt\cxx-framework\src\traditional\proc\p18f2550.asm
                   CVRCON   0x000fb5       data     extern E:\3.46\pic18-lt\cxx-framework\src\traditional\proc\p18f2550.asm
               CVRCONbits   0x000fb5       data     extern E:\3.46\pic18-lt\cxx-framework\src\traditional\proc\p18f2550.asm
              CtrlTrfData   0x000448       data     extern C:\dev\PSGModule\Firmware\MCHPFSUSB2.5\Usb\usb_device.c
                     DDRA   0x000f92       data     extern E:\3.46\pic18-lt\cxx-framework\src\traditional\proc\p18f2550.asm
                 DDRAbits   0x000f92       data     extern E:\3.46\pic18-lt\cxx-framework\src\traditional\proc\p18f2550.asm
                     DDRB   0x000f93       data     extern E:\3.46\pic18-lt\cxx-framework\src\traditional\proc\p18f2550.asm
                 DDRBbits   0x000f93       data     extern E:\3.46\pic18-lt\cxx-framework\src\traditional\proc\p18f2550.asm
                     DDRC   0x000f94       data     extern E:\3.46\pic18-lt\cxx-framework\src\traditional\proc\p18f2550.asm
                 DDRCbits   0x000f94       data     extern E:\3.46\pic18-lt\cxx-framework\src\traditional\proc\p18f2550.asm
                  ECCP1AS   0x000fb6       data     extern E:\3.46\pic18-lt\cxx-framework\src\traditional\proc\p18f2550.asm
              ECCP1ASbits   0x000fb6       data     extern E:\3.46\pic18-lt\cxx-framework\src\traditional\proc\p18f2550.asm
                 ECCP1DEL   0x000fb7       data     extern E:\3.46\pic18-lt\cxx-framework\src\traditional\proc\p18f2550.asm
             ECCP1DELbits   0x000fb7       data     extern E:\3.46\pic18-lt\cxx-framework\src\traditional\proc\p18f2550.asm
                    EEADR   0x000fa9       data     extern E:\3.46\pic18-lt\cxx-framework\src\traditional\proc\p18f2550.asm
                   EECON1   0x000fa6       data     extern E:\3.46\pic18-lt\cxx-framework\src\traditional\proc\p18f2550.asm
               EECON1bits   0x000fa6       data     extern E:\3.46\pic18-lt\cxx-framework\src\traditional\proc\p18f2550.asm
                   EECON2   0x000fa7       data     extern E:\3.46\pic18-lt\cxx-framework\src\traditional\proc\p18f2550.asm
                   EEDATA   0x000fa8       data     extern E:\3.46\pic18-lt\cxx-framework\src\traditional\proc\p18f2550.asm
                     FSR0   0x000fe9       data     extern E:\3.46\pic18-lt\cxx-framework\src\traditional\proc\p18f2550.asm
                    FSR0H   0x000fea       data     extern E:\3.46\pic18-lt\cxx-framework\src\traditional\proc\p18f2550.asm
                    FSR0L   0x000fe9       data     extern E:\3.46\pic18-lt\cxx-framework\src\traditional\proc\p18f2550.asm
                     FSR1   0x000fe1       data     extern E:\3.46\pic18-lt\cxx-framework\src\traditional\proc\p18f2550.asm
                    FSR1H   0x000fe2       data     extern E:\3.46\pic18-lt\cxx-framework\src\traditional\proc\p18f2550.asm
                    FSR1L   0x000fe1       data     extern E:\3.46\pic18-lt\cxx-framework\src\traditional\proc\p18f2550.asm
                     FSR2   0x000fd9       data     extern E:\3.46\pic18-lt\cxx-framework\src\traditional\proc\p18f2550.asm
                    FSR2H   0x000fda       data     extern E:\3.46\pic18-lt\cxx-framework\src\traditional\proc\p18f2550.asm
                    FSR2L   0x000fd9       data     extern E:\3.46\pic18-lt\cxx-framework\src\traditional\proc\p18f2550.asm
                  HLVDCON   0x000fd2       data     extern E:\3.46\pic18-lt\cxx-framework\src\traditional\proc\p18f2550.asm
              HLVDCONbits   0x000fd2       data     extern E:\3.46\pic18-lt\cxx-framework\src\traditional\proc\p18f2550.asm
                    INDF0   0x000fef       data     extern E:\3.46\pic18-lt\cxx-framework\src\traditional\proc\p18f2550.asm
                    INDF1   0x000fe7       data     extern E:\3.46\pic18-lt\cxx-framework\src\traditional\proc\p18f2550.asm
                    INDF2   0x000fdf       data     extern E:\3.46\pic18-lt\cxx-framework\src\traditional\proc\p18f2550.asm
                   INTCON   0x000ff2       data     extern E:\3.46\pic18-lt\cxx-framework\src\traditional\proc\p18f2550.asm
                  INTCON2   0x000ff1       data     extern E:\3.46\pic18-lt\cxx-framework\src\traditional\proc\p18f2550.asm
              INTCON2bits   0x000ff1       data     extern E:\3.46\pic18-lt\cxx-framework\src\traditional\proc\p18f2550.asm
                  INTCON3   0x000ff0       data     extern E:\3.46\pic18-lt\cxx-framework\src\traditional\proc\p18f2550.asm
              INTCON3bits   0x000ff0       data     extern E:\3.46\pic18-lt\cxx-framework\src\traditional\proc\p18f2550.asm
               INTCONbits   0x000ff2       data     extern E:\3.46\pic18-lt\cxx-framework\src\traditional\proc\p18f2550.asm
                     IPR1   0x000f9f       data     extern E:\3.46\pic18-lt\cxx-framework\src\traditional\proc\p18f2550.asm
                 IPR1bits   0x000f9f       data     extern E:\3.46\pic18-lt\cxx-framework\src\traditional\proc\p18f2550.asm
                     IPR2   0x000fa2       data     extern E:\3.46\pic18-lt\cxx-framework\src\traditional\proc\p18f2550.asm
                 IPR2bits   0x000fa2       data     extern E:\3.46\pic18-lt\cxx-framework\src\traditional\proc\p18f2550.asm
                     LATA   0x000f89       data     extern E:\3.46\pic18-lt\cxx-framework\src\traditional\proc\p18f2550.asm
                 LATAbits   0x000f89       data     extern E:\3.46\pic18-lt\cxx-framework\src\traditional\proc\p18f2550.asm
                     LATB   0x000f8a       data     extern E:\3.46\pic18-lt\cxx-framework\src\traditional\proc\p18f2550.asm
                 LATBbits   0x000f8a       data     extern E:\3.46\pic18-lt\cxx-framework\src\traditional\proc\p18f2550.asm
                     LATC   0x000f8b       data     extern E:\3.46\pic18-lt\cxx-framework\src\traditional\proc\p18f2550.asm
                 LATCbits   0x000f8b       data     extern E:\3.46\pic18-lt\cxx-framework\src\traditional\proc\p18f2550.asm
                   LVDCON   0x000fd2       data     extern E:\3.46\pic18-lt\cxx-framework\src\traditional\proc\p18f2550.asm
               LVDCONbits   0x000fd2       data     extern E:\3.46\pic18-lt\cxx-framework\src\traditional\proc\p18f2550.asm
                   OSCCON   0x000fd3       data     extern E:\3.46\pic18-lt\cxx-framework\src\traditional\proc\p18f2550.asm
               OSCCONbits   0x000fd3       data     extern E:\3.46\pic18-lt\cxx-framework\src\traditional\proc\p18f2550.asm
                  OSCTUNE   0x000f9b       data     extern E:\3.46\pic18-lt\cxx-framework\src\traditional\proc\p18f2550.asm
              OSCTUNEbits   0x000f9b       data     extern E:\3.46\pic18-lt\cxx-framework\src\traditional\proc\p18f2550.asm
                       PC   0x000ff9       data     extern E:\3.46\pic18-lt\cxx-framework\src\traditional\proc\p18f2550.asm
                      PCL   0x000ff9       data     extern E:\3.46\pic18-lt\cxx-framework\src\traditional\proc\p18f2550.asm
                   PCLATH   0x000ffa       data     extern E:\3.46\pic18-lt\cxx-framework\src\traditional\proc\p18f2550.asm
                   PCLATU   0x000ffb       data     extern E:\3.46\pic18-lt\cxx-framework\src\traditional\proc\p18f2550.asm
                     PIE1   0x000f9d       data     extern E:\3.46\pic18-lt\cxx-framework\src\traditional\proc\p18f2550.asm
                 PIE1bits   0x000f9d       data     extern E:\3.46\pic18-lt\cxx-framework\src\traditional\proc\p18f2550.asm
                     PIE2   0x000fa0       data     extern E:\3.46\pic18-lt\cxx-framework\src\traditional\proc\p18f2550.asm
                 PIE2bits   0x000fa0       data     extern E:\3.46\pic18-lt\cxx-framework\src\traditional\proc\p18f2550.asm
                     PIR1   0x000f9e       data     extern E:\3.46\pic18-lt\cxx-framework\src\traditional\proc\p18f2550.asm
                 PIR1bits   0x000f9e       data     extern E:\3.46\pic18-lt\cxx-framework\src\traditional\proc\p18f2550.asm
                     PIR2   0x000fa1       data     extern E:\3.46\pic18-lt\cxx-framework\src\traditional\proc\p18f2550.asm
                 PIR2bits   0x000fa1       data     extern E:\3.46\pic18-lt\cxx-framework\src\traditional\proc\p18f2550.asm
                   PLUSW0   0x000feb       data     extern E:\3.46\pic18-lt\cxx-framework\src\traditional\proc\p18f2550.asm
                   PLUSW1   0x000fe3       data     extern E:\3.46\pic18-lt\cxx-framework\src\traditional\proc\p18f2550.asm
                   PLUSW2   0x000fdb       data     extern E:\3.46\pic18-lt\cxx-framework\src\traditional\proc\p18f2550.asm
                    PORTA   0x000f80       data     extern E:\3.46\pic18-lt\cxx-framework\src\traditional\proc\p18f2550.asm
                PORTAbits   0x000f80       data     extern E:\3.46\pic18-lt\cxx-framework\src\traditional\proc\p18f2550.asm
                    PORTB   0x000f81       data     extern E:\3.46\pic18-lt\cxx-framework\src\traditional\proc\p18f2550.asm
                PORTBbits   0x000f81       data     extern E:\3.46\pic18-lt\cxx-framework\src\traditional\proc\p18f2550.asm
                    PORTC   0x000f82       data     extern E:\3.46\pic18-lt\cxx-framework\src\traditional\proc\p18f2550.asm
                PORTCbits   0x000f82       data     extern E:\3.46\pic18-lt\cxx-framework\src\traditional\proc\p18f2550.asm
                    PORTE   0x000f84       data     extern E:\3.46\pic18-lt\cxx-framework\src\traditional\proc\p18f2550.asm
                PORTEbits   0x000f84       data     extern E:\3.46\pic18-lt\cxx-framework\src\traditional\proc\p18f2550.asm
                 POSTDEC0   0x000fed       data     extern E:\3.46\pic18-lt\cxx-framework\src\traditional\proc\p18f2550.asm
                 POSTDEC1   0x000fe5       data     extern E:\3.46\pic18-lt\cxx-framework\src\traditional\proc\p18f2550.asm
                 POSTDEC2   0x000fdd       data     extern E:\3.46\pic18-lt\cxx-framework\src\traditional\proc\p18f2550.asm
                 POSTINC0   0x000fee       data     extern E:\3.46\pic18-lt\cxx-framework\src\traditional\proc\p18f2550.asm
                 POSTINC1   0x000fe6       data     extern E:\3.46\pic18-lt\cxx-framework\src\traditional\proc\p18f2550.asm
                 POSTINC2   0x000fde       data     extern E:\3.46\pic18-lt\cxx-framework\src\traditional\proc\p18f2550.asm
                      PR2   0x000fcb       data     extern E:\3.46\pic18-lt\cxx-framework\src\traditional\proc\p18f2550.asm
                  PREINC0   0x000fec       data     extern E:\3.46\pic18-lt\cxx-framework\src\traditional\proc\p18f2550.asm
                  PREINC1   0x000fe4       data     extern E:\3.46\pic18-lt\cxx-framework\src\traditional\proc\p18f2550.asm
                  PREINC2   0x000fdc       data     extern E:\3.46\pic18-lt\cxx-framework\src\traditional\proc\p18f2550.asm
                     PROD   0x000ff3       data     extern E:\3.46\pic18-lt\cxx-framework\src\traditional\proc\p18f2550.asm
                    PRODH   0x000ff4       data     extern E:\3.46\pic18-lt\cxx-framework\src\traditional\proc\p18f2550.asm
                    PRODL   0x000ff3       data     extern E:\3.46\pic18-lt\cxx-framework\src\traditional\proc\p18f2550.asm
                     RCON   0x000fd0       data     extern E:\3.46\pic18-lt\cxx-framework\src\traditional\proc\p18f2550.asm
                 RCONbits   0x000fd0       data     extern E:\3.46\pic18-lt\cxx-framework\src\traditional\proc\p18f2550.asm
                    RCREG   0x000fae       data     extern E:\3.46\pic18-lt\cxx-framework\src\traditional\proc\p18f2550.asm
                    RCSTA   0x000fab       data     extern E:\3.46\pic18-lt\cxx-framework\src\traditional\proc\p18f2550.asm
                RCSTAbits   0x000fab       data     extern E:\3.46\pic18-lt\cxx-framework\src\traditional\proc\p18f2550.asm
             RemoteWakeup   0x000327       data     extern C:\dev\PSGModule\Firmware\MCHPFSUSB2.5\Usb\usb_device.c
                     SIGN   0x000009       data     extern E:\3.46\pic18-lt\cxx-framework\src\traditional\math\cmath18.asm
                    SPBRG   0x000faf       data     extern E:\3.46\pic18-lt\cxx-framework\src\traditional\proc\p18f2550.asm
                   SPBRGH   0x000fb0       data     extern E:\3.46\pic18-lt\cxx-framework\src\traditional\proc\p18f2550.asm
                   SSPADD   0x000fc8       data     extern E:\3.46\pic18-lt\cxx-framework\src\traditional\proc\p18f2550.asm
                   SSPBUF   0x000fc9       data     extern E:\3.46\pic18-lt\cxx-framework\src\traditional\proc\p18f2550.asm
                  SSPCON1   0x000fc6       data     extern E:\3.46\pic18-lt\cxx-framework\src\traditional\proc\p18f2550.asm
              SSPCON1bits   0x000fc6       data     extern E:\3.46\pic18-lt\cxx-framework\src\traditional\proc\p18f2550.asm
                  SSPCON2   0x000fc5       data     extern E:\3.46\pic18-lt\cxx-framework\src\traditional\proc\p18f2550.asm
              SSPCON2bits   0x000fc5       data     extern E:\3.46\pic18-lt\cxx-framework\src\traditional\proc\p18f2550.asm
                  SSPSTAT   0x000fc7       data     extern E:\3.46\pic18-lt\cxx-framework\src\traditional\proc\p18f2550.asm
              SSPSTATbits   0x000fc7       data     extern E:\3.46\pic18-lt\cxx-framework\src\traditional\proc\p18f2550.asm
                   STATUS   0x000fd8       data     extern E:\3.46\pic18-lt\cxx-framework\src\traditional\proc\p18f2550.asm
               STATUSbits   0x000fd8       data     extern E:\3.46\pic18-lt\cxx-framework\src\traditional\proc\p18f2550.asm
                   STKPTR   0x000ffc       data     extern E:\3.46\pic18-lt\cxx-framework\src\traditional\proc\p18f2550.asm
               STKPTRbits   0x000ffc       data     extern E:\3.46\pic18-lt\cxx-framework\src\traditional\proc\p18f2550.asm
                 SetupPkt   0x000440       data     extern C:\dev\PSGModule\Firmware\MCHPFSUSB2.5\Usb\usb_device.c
                    T0CON   0x000fd5       data     extern E:\3.46\pic18-lt\cxx-framework\src\traditional\proc\p18f2550.asm
                T0CONbits   0x000fd5       data     extern E:\3.46\pic18-lt\cxx-framework\src\traditional\proc\p18f2550.asm
                    T1CON   0x000fcd       data     extern E:\3.46\pic18-lt\cxx-framework\src\traditional\proc\p18f2550.asm
                T1CONbits   0x000fcd       data     extern E:\3.46\pic18-lt\cxx-framework\src\traditional\proc\p18f2550.asm
                    T2CON   0x000fca       data     extern E:\3.46\pic18-lt\cxx-framework\src\traditional\proc\p18f2550.asm
                T2CONbits   0x000fca       data     extern E:\3.46\pic18-lt\cxx-framework\src\traditional\proc\p18f2550.asm
                    T3CON   0x000fb1       data     extern E:\3.46\pic18-lt\cxx-framework\src\traditional\proc\p18f2550.asm
                T3CONbits   0x000fb1       data     extern E:\3.46\pic18-lt\cxx-framework\src\traditional\proc\p18f2550.asm
                   TABLAT   0x000ff5       data     extern E:\3.46\pic18-lt\cxx-framework\src\traditional\proc\p18f2550.asm
                   TBLPTR   0x000ff6       data     extern E:\3.46\pic18-lt\cxx-framework\src\traditional\proc\p18f2550.asm
                  TBLPTRH   0x000ff7       data     extern E:\3.46\pic18-lt\cxx-framework\src\traditional\proc\p18f2550.asm
                  TBLPTRL   0x000ff6       data     extern E:\3.46\pic18-lt\cxx-framework\src\traditional\proc\p18f2550.asm
                  TBLPTRU   0x000ff8       data     extern E:\3.46\pic18-lt\cxx-framework\src\traditional\proc\p18f2550.asm
                    TMR0H   0x000fd7       data     extern E:\3.46\pic18-lt\cxx-framework\src\traditional\proc\p18f2550.asm
                    TMR0L   0x000fd6       data     extern E:\3.46\pic18-lt\cxx-framework\src\traditional\proc\p18f2550.asm
                    TMR1H   0x000fcf       data     extern E:\3.46\pic18-lt\cxx-framework\src\traditional\proc\p18f2550.asm
                    TMR1L   0x000fce       data     extern E:\3.46\pic18-lt\cxx-framework\src\traditional\proc\p18f2550.asm
                     TMR2   0x000fcc       data     extern E:\3.46\pic18-lt\cxx-framework\src\traditional\proc\p18f2550.asm
                    TMR3H   0x000fb3       data     extern E:\3.46\pic18-lt\cxx-framework\src\traditional\proc\p18f2550.asm
                    TMR3L   0x000fb2       data     extern E:\3.46\pic18-lt\cxx-framework\src\traditional\proc\p18f2550.asm
                      TOS   0x000ffd       data     extern E:\3.46\pic18-lt\cxx-framework\src\traditional\proc\p18f2550.asm
                     TOSH   0x000ffe       data     extern E:\3.46\pic18-lt\cxx-framework\src\traditional\proc\p18f2550.asm
                     TOSL   0x000ffd       data     extern E:\3.46\pic18-lt\cxx-framework\src\traditional\proc\p18f2550.asm
                     TOSU   0x000fff       data     extern E:\3.46\pic18-lt\cxx-framework\src\traditional\proc\p18f2550.asm
                    TRISA   0x000f92       data     extern E:\3.46\pic18-lt\cxx-framework\src\traditional\proc\p18f2550.asm
                TRISAbits   0x000f92       data     extern E:\3.46\pic18-lt\cxx-framework\src\traditional\proc\p18f2550.asm
                    TRISB   0x000f93       data     extern E:\3.46\pic18-lt\cxx-framework\src\traditional\proc\p18f2550.asm
                TRISBbits   0x000f93       data     extern E:\3.46\pic18-lt\cxx-framework\src\traditional\proc\p18f2550.asm
                    TRISC   0x000f94       data     extern E:\3.46\pic18-lt\cxx-framework\src\traditional\proc\p18f2550.asm
                TRISCbits   0x000f94       data     extern E:\3.46\pic18-lt\cxx-framework\src\traditional\proc\p18f2550.asm
                    TXREG   0x000fad       data     extern E:\3.46\pic18-lt\cxx-framework\src\traditional\proc\p18f2550.asm
                    TXSTA   0x000fac       data     extern E:\3.46\pic18-lt\cxx-framework\src\traditional\proc\p18f2550.asm
                TXSTAbits   0x000fac       data     extern E:\3.46\pic18-lt\cxx-framework\src\traditional\proc\p18f2550.asm
                    UADDR   0x000f6e       data     extern E:\3.46\pic18-lt\cxx-framework\src\traditional\proc\p18f2550.asm
                UADDRbits   0x000f6e       data     extern E:\3.46\pic18-lt\cxx-framework\src\traditional\proc\p18f2550.asm
                     UCFG   0x000f6f       data     extern E:\3.46\pic18-lt\cxx-framework\src\traditional\proc\p18f2550.asm
                 UCFGbits   0x000f6f       data     extern E:\3.46\pic18-lt\cxx-framework\src\traditional\proc\p18f2550.asm
                     UCON   0x000f6d       data     extern E:\3.46\pic18-lt\cxx-framework\src\traditional\proc\p18f2550.asm
                 UCONbits   0x000f6d       data     extern E:\3.46\pic18-lt\cxx-framework\src\traditional\proc\p18f2550.asm
                     UEIE   0x000f6b       data     extern E:\3.46\pic18-lt\cxx-framework\src\traditional\proc\p18f2550.asm
                 UEIEbits   0x000f6b       data     extern E:\3.46\pic18-lt\cxx-framework\src\traditional\proc\p18f2550.asm
                     UEIR   0x000f6a       data     extern E:\3.46\pic18-lt\cxx-framework\src\traditional\proc\p18f2550.asm
                 UEIRbits   0x000f6a       data     extern E:\3.46\pic18-lt\cxx-framework\src\traditional\proc\p18f2550.asm
                     UEP0   0x000f70       data     extern E:\3.46\pic18-lt\cxx-framework\src\traditional\proc\p18f2550.asm
                 UEP0bits   0x000f70       data     extern E:\3.46\pic18-lt\cxx-framework\src\traditional\proc\p18f2550.asm
                     UEP1   0x000f71       data     extern E:\3.46\pic18-lt\cxx-framework\src\traditional\proc\p18f2550.asm
                    UEP10   0x000f7a       data     extern E:\3.46\pic18-lt\cxx-framework\src\traditional\proc\p18f2550.asm
                UEP10bits   0x000f7a       data     extern E:\3.46\pic18-lt\cxx-framework\src\traditional\proc\p18f2550.asm
                    UEP11   0x000f7b       data     extern E:\3.46\pic18-lt\cxx-framework\src\traditional\proc\p18f2550.asm
                UEP11bits   0x000f7b       data     extern E:\3.46\pic18-lt\cxx-framework\src\traditional\proc\p18f2550.asm
                    UEP12   0x000f7c       data     extern E:\3.46\pic18-lt\cxx-framework\src\traditional\proc\p18f2550.asm
                UEP12bits   0x000f7c       data     extern E:\3.46\pic18-lt\cxx-framework\src\traditional\proc\p18f2550.asm
                    UEP13   0x000f7d       data     extern E:\3.46\pic18-lt\cxx-framework\src\traditional\proc\p18f2550.asm
                UEP13bits   0x000f7d       data     extern E:\3.46\pic18-lt\cxx-framework\src\traditional\proc\p18f2550.asm
                    UEP14   0x000f7e       data     extern E:\3.46\pic18-lt\cxx-framework\src\traditional\proc\p18f2550.asm
                UEP14bits   0x000f7e       data     extern E:\3.46\pic18-lt\cxx-framework\src\traditional\proc\p18f2550.asm
                    UEP15   0x000f7f       data     extern E:\3.46\pic18-lt\cxx-framework\src\traditional\proc\p18f2550.asm
                UEP15bits   0x000f7f       data     extern E:\3.46\pic18-lt\cxx-framework\src\traditional\proc\p18f2550.asm
                 UEP1bits   0x000f71       data     extern E:\3.46\pic18-lt\cxx-framework\src\traditional\proc\p18f2550.asm
                     UEP2   0x000f72       data     extern E:\3.46\pic18-lt\cxx-framework\src\traditional\proc\p18f2550.asm
                 UEP2bits   0x000f72       data     extern E:\3.46\pic18-lt\cxx-framework\src\traditional\proc\p18f2550.asm
                     UEP3   0x000f73       data     extern E:\3.46\pic18-lt\cxx-framework\src\traditional\proc\p18f2550.asm
                 UEP3bits   0x000f73       data     extern E:\3.46\pic18-lt\cxx-framework\src\traditional\proc\p18f2550.asm
                     UEP4   0x000f74       data     extern E:\3.46\pic18-lt\cxx-framework\src\traditional\proc\p18f2550.asm
                 UEP4bits   0x000f74       data     extern E:\3.46\pic18-lt\cxx-framework\src\traditional\proc\p18f2550.asm
                     UEP5   0x000f75       data     extern E:\3.46\pic18-lt\cxx-framework\src\traditional\proc\p18f2550.asm
                 UEP5bits   0x000f75       data     extern E:\3.46\pic18-lt\cxx-framework\src\traditional\proc\p18f2550.asm
                     UEP6   0x000f76       data     extern E:\3.46\pic18-lt\cxx-framework\src\traditional\proc\p18f2550.asm
                 UEP6bits   0x000f76       data     extern E:\3.46\pic18-lt\cxx-framework\src\traditional\proc\p18f2550.asm
                     UEP7   0x000f77       data     extern E:\3.46\pic18-lt\cxx-framework\src\traditional\proc\p18f2550.asm
                 UEP7bits   0x000f77       data     extern E:\3.46\pic18-lt\cxx-framework\src\traditional\proc\p18f2550.asm
                     UEP8   0x000f78       data     extern E:\3.46\pic18-lt\cxx-framework\src\traditional\proc\p18f2550.asm
                 UEP8bits   0x000f78       data     extern E:\3.46\pic18-lt\cxx-framework\src\traditional\proc\p18f2550.asm
                     UEP9   0x000f79       data     extern E:\3.46\pic18-lt\cxx-framework\src\traditional\proc\p18f2550.asm
                 UEP9bits   0x000f79       data     extern E:\3.46\pic18-lt\cxx-framework\src\traditional\proc\p18f2550.asm
                     UFRM   0x000f66       data     extern E:\3.46\pic18-lt\cxx-framework\src\traditional\proc\p18f2550.asm
                    UFRMH   0x000f67       data     extern E:\3.46\pic18-lt\cxx-framework\src\traditional\proc\p18f2550.asm
                UFRMHbits   0x000f67       data     extern E:\3.46\pic18-lt\cxx-framework\src\traditional\proc\p18f2550.asm
                    UFRML   0x000f66       data     extern E:\3.46\pic18-lt\cxx-framework\src\traditional\proc\p18f2550.asm
                UFRMLbits   0x000f66       data     extern E:\3.46\pic18-lt\cxx-framework\src\traditional\proc\p18f2550.asm
                      UIE   0x000f69       data     extern E:\3.46\pic18-lt\cxx-framework\src\traditional\proc\p18f2550.asm
                  UIEbits   0x000f69       data     extern E:\3.46\pic18-lt\cxx-framework\src\traditional\proc\p18f2550.asm
                      UIR   0x000f68       data     extern E:\3.46\pic18-lt\cxx-framework\src\traditional\proc\p18f2550.asm
                  UIRbits   0x000f68       data     extern E:\3.46\pic18-lt\cxx-framework\src\traditional\proc\p18f2550.asm
   USBActiveConfiguration   0x000301       data     extern C:\dev\PSGModule\Firmware\MCHPFSUSB2.5\Usb\usb_device.c
    USBAlternateInterface   0x000302       data     extern C:\dev\PSGModule\Firmware\MCHPFSUSB2.5\Usb\usb_device.c
           USBDeviceState   0x000300       data     extern C:\dev\PSGModule\Firmware\MCHPFSUSB2.5\Usb\usb_device.c
                USBInData   0x000330       data     extern C:\dev\PSGModule\Firmware\MCHPFSUSB2.5\Usb\usb_device.c
       USBInMaxPacketSize   0x00032a       data     extern C:\dev\PSGModule\Firmware\MCHPFSUSB2.5\Usb\usb_device.c
            USB_In_Buffer   0x000060       data     extern C:\dev\PSGModule\Firmware\main.c
           USB_Out_Buffer   0x0000a0       data     extern C:\dev\PSGModule\Firmware\main.c
                    USTAT   0x000f6c       data     extern E:\3.46\pic18-lt\cxx-framework\src\traditional\proc\p18f2550.asm
                USTATbits   0x000f6c       data     extern E:\3.46\pic18-lt\cxx-framework\src\traditional\proc\p18f2550.asm
                USTATcopy   0x000328       data     extern C:\dev\PSGModule\Firmware\MCHPFSUSB2.5\Usb\usb_device.c
                   WDTCON   0x000fd1       data     extern E:\3.46\pic18-lt\cxx-framework\src\traditional\proc\p18f2550.asm
               WDTCONbits   0x000fd1       data     extern E:\3.46\pic18-lt\cxx-framework\src\traditional\proc\p18f2550.asm
                     WREG   0x000fe8       data     extern E:\3.46\pic18-lt\cxx-framework\src\traditional\proc\p18f2550.asm
                 __AARGB0   0x000007       data     extern E:\3.46\pic18-lt\cxx-framework\src\traditional\math\aarg.asm
                 __AARGB1   0x000006       data     extern E:\3.46\pic18-lt\cxx-framework\src\traditional\math\aarg.asm
                 __AARGB2   0x000005       data     extern E:\3.46\pic18-lt\cxx-framework\src\traditional\math\aarg.asm
                 __AARGB3   0x000004       data     extern E:\3.46\pic18-lt\cxx-framework\src\traditional\math\aarg.asm
                 __AARGB4   0x000003       data     extern E:\3.46\pic18-lt\cxx-framework\src\traditional\math\aarg.asm
                 __AARGB5   0x000002       data     extern E:\3.46\pic18-lt\cxx-framework\src\traditional\math\aarg.asm
                 __AARGB6   0x000001       data     extern E:\3.46\pic18-lt\cxx-framework\src\traditional\math\aarg.asm
                 __AARGB7   0x000000       data     extern E:\3.46\pic18-lt\cxx-framework\src\traditional\math\aarg.asm
                   __AEXP   0x000008       data     extern E:\3.46\pic18-lt\cxx-framework\src\traditional\math\aarg.asm
                __FPFLAGS   0x00000a       data     extern E:\3.46\pic18-lt\cxx-framework\src\traditional\math\cmath18.asm
            __FPFLAGSbits   0x00000a       data     extern E:\3.46\pic18-lt\cxx-framework\src\traditional\math\cmath18.asm
                  __REMB0   0x000003       data     extern E:\3.46\pic18-lt\cxx-framework\src\traditional\math\aarg.asm
                  __REMB1   0x000002       data     extern E:\3.46\pic18-lt\cxx-framework\src\traditional\math\aarg.asm
                  __REMB2   0x000001       data     extern E:\3.46\pic18-lt\cxx-framework\src\traditional\math\aarg.asm
                  __REMB3   0x000000       data     extern E:\3.46\pic18-lt\cxx-framework\src\traditional\math\aarg.asm
                  __tmp_0   0x00000b       data     static C:\dev\PSGModule\Firmware\MCHPFSUSB2.5\Usb\usb_device.c
                  __tmp_0   0x00000b       data     static C:\dev\PSGModule\Firmware\MCHPFSUSB2.5\Usb\CDC Device Driver\usb_function_cdc.c
              cdc_data_rx   0x000508       data     extern C:\dev\PSGModule\Firmware\MCHPFSUSB2.5\Usb\CDC Device Driver\usb_function_cdc.c
              cdc_data_tx   0x000548       data     extern C:\dev\PSGModule\Firmware\MCHPFSUSB2.5\Usb\CDC Device Driver\usb_function_cdc.c
             cdc_mem_type   0x0000e9       data     extern C:\dev\PSGModule\Firmware\MCHPFSUSB2.5\Usb\CDC Device Driver\usb_function_cdc.c
               cdc_notice   0x000500       data     extern C:\dev\PSGModule\Firmware\MCHPFSUSB2.5\Usb\CDC Device Driver\usb_function_cdc.c
               cdc_rx_len   0x0000e2       data     extern C:\dev\PSGModule\Firmware\MCHPFSUSB2.5\Usb\CDC Device Driver\usb_function_cdc.c
            cdc_trf_state   0x0000e3       data     extern C:\dev\PSGModule\Firmware\MCHPFSUSB2.5\Usb\CDC Device Driver\usb_function_cdc.c
               cdc_tx_len   0x0000e8       data     extern C:\dev\PSGModule\Firmware\MCHPFSUSB2.5\Usb\CDC Device Driver\usb_function_cdc.c
     controlTransferState   0x000318       data     extern C:\dev\PSGModule\Firmware\MCHPFSUSB2.5\Usb\usb_device.c
    control_signal_bitmap   0x0000ee       data     extern C:\dev\PSGModule\Firmware\MCHPFSUSB2.5\Usb\CDC Device Driver\usb_function_cdc.c
                curr_byte   0x000339       data     static E:\3.46\pic18-lt\cxx-framework\src\traditional\startup\c018i.c
               curr_entry   0x00033b       data     static E:\3.46\pic18-lt\cxx-framework\src\traditional\startup\c018i.c
                 data_ptr   0x00033d       data     static E:\3.46\pic18-lt\cxx-framework\src\traditional\startup\c018i.c
              delay_count   0x0000e0       data     static C:\dev\PSGModule\Firmware\main.c
dummy_encapsulated_cmd_response   0x0000f3       data     extern C:\dev\PSGModule\Firmware\MCHPFSUSB2.5\Usb\CDC Device Driver\usb_function_cdc.c
                  inPipes   0x000319       data     extern C:\dev\PSGModule\Firmware\MCHPFSUSB2.5\Usb\usb_device.c
              line_coding   0x000588       data     extern C:\dev\PSGModule\Firmware\MCHPFSUSB2.5\Usb\CDC Device Driver\usb_function_cdc.c
                 outPipes   0x00031e       data     extern C:\dev\PSGModule\Firmware\MCHPFSUSB2.5\Usb\usb_device.c
   pBDTEntryEP0OutCurrent   0x000303       data     extern C:\dev\PSGModule\Firmware\MCHPFSUSB2.5\Usb\usb_device.c
      pBDTEntryEP0OutNext   0x000305       data     extern C:\dev\PSGModule\Firmware\MCHPFSUSB2.5\Usb\usb_device.c
              pBDTEntryIn   0x00030f       data     extern C:\dev\PSGModule\Firmware\MCHPFSUSB2.5\Usb\usb_device.c
             pBDTEntryOut   0x000307       data     extern C:\dev\PSGModule\Firmware\MCHPFSUSB2.5\Usb\usb_device.c
                  pCDCDst   0x0000e6       data     extern C:\dev\PSGModule\Firmware\MCHPFSUSB2.5\Usb\CDC Device Driver\usb_function_cdc.c
                  pCDCSrc   0x0000e4       data     extern C:\dev\PSGModule\Firmware\MCHPFSUSB2.5\Usb\CDC Device Driver\usb_function_cdc.c
                     pDst   0x000325       data     extern C:\dev\PSGModule\Firmware\MCHPFSUSB2.5\Usb\usb_device.c
                     prom   0x000336       data     static E:\3.46\pic18-lt\cxx-framework\src\traditional\startup\c018i.c
        shortPacketStatus   0x000317       data     extern C:\dev\PSGModule\Firmware\MCHPFSUSB2.5\Usb\usb_device.c



                              Symbols - Sorted by Address
                     Name    Address   Location    Storage File                     
                ---------  ---------  ---------  --------- ---------                
                   _entry   0x000000    program     extern E:\3.46\pic18-lt\cxx-framework\src\traditional\startup\c018i.c
       ___return_lbl00000   0x000004    program     static                          
        Remapped_High_ISR   0x000008    program     extern C:\dev\PSGModule\Firmware\main.c
       ___return_lbl00000   0x00000c    program     static                          
         Remapped_Low_ISR   0x000018    program     extern C:\dev\PSGModule\Firmware\main.c
       ___return_lbl00001   0x00001c    program     static                          
            USBDeviceInit   0x00002c    program     extern C:\dev\PSGModule\Firmware\MCHPFSUSB2.5\Usb\usb_device.c
           USBDeviceTasks   0x0000dc    program     extern C:\dev\PSGModule\Firmware\MCHPFSUSB2.5\Usb\usb_device.c
          USBStallHandler   0x00026c    program     extern C:\dev\PSGModule\Firmware\MCHPFSUSB2.5\Usb\usb_device.c
               USBSuspend   0x0002b2    program     extern C:\dev\PSGModule\Firmware\MCHPFSUSB2.5\Usb\usb_device.c
       USBWakeFromSuspend   0x0002ea    program     extern C:\dev\PSGModule\Firmware\MCHPFSUSB2.5\Usb\usb_device.c
         USBCtrlEPService   0x000328    program     extern C:\dev\PSGModule\Firmware\MCHPFSUSB2.5\Usb\usb_device.c
   USBCtrlTrfSetupHandler   0x000402    program     extern C:\dev\PSGModule\Firmware\MCHPFSUSB2.5\Usb\usb_device.c
     USBCtrlTrfOutHandler   0x000448    program     extern C:\dev\PSGModule\Firmware\MCHPFSUSB2.5\Usb\usb_device.c
      USBCtrlTrfInHandler   0x000494    program     extern C:\dev\PSGModule\Firmware\MCHPFSUSB2.5\Usb\usb_device.c
USBPrepareForNextSetupTrf   0x000528    program     extern C:\dev\PSGModule\Firmware\MCHPFSUSB2.5\Usb\usb_device.c
       USBCheckStdRequest   0x00058c    program     extern C:\dev\PSGModule\Firmware\MCHPFSUSB2.5\Usb\usb_device.c
  USBStdFeatureReqHandler   0x00064a    program     extern C:\dev\PSGModule\Firmware\MCHPFSUSB2.5\Usb\usb_device.c
      USBStdGetDscHandler   0x000756    program     extern C:\dev\PSGModule\Firmware\MCHPFSUSB2.5\Usb\usb_device.c
   USBStdGetStatusHandler   0x000804    program     extern C:\dev\PSGModule\Firmware\MCHPFSUSB2.5\Usb\usb_device.c
 USBCtrlEPServiceComplete   0x0008b2    program     extern C:\dev\PSGModule\Firmware\MCHPFSUSB2.5\Usb\usb_device.c
      USBCtrlTrfTxService   0x000a56    program     extern C:\dev\PSGModule\Firmware\MCHPFSUSB2.5\Usb\usb_device.c
      USBCtrlTrfRxService   0x000b68    program     extern C:\dev\PSGModule\Firmware\MCHPFSUSB2.5\Usb\usb_device.c
      USBStdSetCfgHandler   0x000ca2    program     extern C:\dev\PSGModule\Firmware\MCHPFSUSB2.5\Usb\usb_device.c
     USBConfigureEndpoint   0x000d14    program     extern C:\dev\PSGModule\Firmware\MCHPFSUSB2.5\Usb\usb_device.c
        USBEnableEndpoint   0x000dde    program     extern C:\dev\PSGModule\Firmware\MCHPFSUSB2.5\Usb\usb_device.c
         USBStallEndpoint   0x000e4a    program     extern C:\dev\PSGModule\Firmware\MCHPFSUSB2.5\Usb\usb_device.c
     USBTransferOnePacket   0x000f26    program     extern C:\dev\PSGModule\Firmware\MCHPFSUSB2.5\Usb\usb_device.c
    USBClearInterruptFlag   0x001004    program     extern C:\dev\PSGModule\Firmware\MCHPFSUSB2.5\Usb\usb_device.c
          USBDeviceDetach   0x00103a    program     extern C:\dev\PSGModule\Firmware\MCHPFSUSB2.5\Usb\usb_device.c
          USBDeviceAttach   0x001048    program     extern C:\dev\PSGModule\Firmware\MCHPFSUSB2.5\Usb\usb_device.c
       USBCheckCDCRequest   0x001076    program     extern C:\dev\PSGModule\Firmware\MCHPFSUSB2.5\Usb\CDC Device Driver\usb_function_cdc.c
                CDCInitEP   0x001112    program     extern C:\dev\PSGModule\Firmware\MCHPFSUSB2.5\Usb\CDC Device Driver\usb_function_cdc.c
             getsUSBUSART   0x00117a    program     extern C:\dev\PSGModule\Firmware\MCHPFSUSB2.5\Usb\CDC Device Driver\usb_function_cdc.c
              putUSBUSART   0x00123a    program     extern C:\dev\PSGModule\Firmware\MCHPFSUSB2.5\Usb\CDC Device Driver\usb_function_cdc.c
             putsUSBUSART   0x00126c    program     extern C:\dev\PSGModule\Firmware\MCHPFSUSB2.5\Usb\CDC Device Driver\usb_function_cdc.c
            putrsUSBUSART   0x0012f0    program     extern C:\dev\PSGModule\Firmware\MCHPFSUSB2.5\Usb\CDC Device Driver\usb_function_cdc.c
             CDCTxService   0x001376    program     extern C:\dev\PSGModule\Firmware\MCHPFSUSB2.5\Usb\CDC Device Driver\usb_function_cdc.c
  YourHighPriorityISRCode   0x0014c4    program     extern C:\dev\PSGModule\Firmware\main.c
   YourLowPriorityISRCode   0x001564    program     extern C:\dev\PSGModule\Firmware\main.c
                     main   0x001590    program     extern C:\dev\PSGModule\Firmware\main.c
         InitializeSystem   0x00159a    program     static C:\dev\PSGModule\Firmware\main.c
                 UserInit   0x0015a4    program     extern C:\dev\PSGModule\Firmware\main.c
                ProcessIO   0x0015c8    program     extern C:\dev\PSGModule\Firmware\main.c
           BlinkUSBStatus   0x00169e    program     extern C:\dev\PSGModule\Firmware\main.c
             USBCBSuspend   0x0016a0    program     extern C:\dev\PSGModule\Firmware\main.c
     USBCBWakeFromSuspend   0x0016a2    program     extern C:\dev\PSGModule\Firmware\main.c
        USBCB_SOF_Handler   0x0016a4    program     extern C:\dev\PSGModule\Firmware\main.c
        USBCBErrorHandler   0x0016a6    program     extern C:\dev\PSGModule\Firmware\main.c
       USBCBCheckOtherReq   0x0016a8    program     extern C:\dev\PSGModule\Firmware\main.c
    USBCBStdSetDscHandler   0x0016ac    program     extern C:\dev\PSGModule\Firmware\main.c
              USBCBInitEP   0x0016ae    program     extern C:\dev\PSGModule\Firmware\main.c
          USBCBSendResume   0x0016b2    program     extern C:\dev\PSGModule\Firmware\main.c
USER_USB_CALLBACK_EVENT_HANDLER   0x0016ce    program     extern C:\dev\PSGModule\Firmware\main.c
               __tmplbl_2   0x0016ea    program     static                          
               __tmplbl_3   0x0016f6    program     static                          
               __tmplbl_4   0x001700    program     static                          
               __tmplbl_5   0x00170a    program     static                          
               __tmplbl_6   0x001714    program     static                          
               __tmplbl_7   0x00171e    program     static                          
               __tmplbl_8   0x001728    program     static                          
               __tmplbl_9   0x001732    program     static                          
      ___case_21_lbl00033   0x001736    program     static                          
      ___case_22_lbl00034   0x00173a    program     static                          
      ___case_23_lbl00035   0x00173e    program     static                          
       ___case_2_lbl00036   0x001742    program     static                          
       ___case_4_lbl00037   0x001746    program     static                          
       ___case_3_lbl00038   0x00174a    program     static                          
   ___case_65535_lbl00039   0x00174e    program     static                          
       ___case_1_lbl00040   0x001752    program     static                          
      ___default_lbl00041   0x001756    program     static                          
   ___switchexit_lbl00032   0x001758    program     static                          
       ___return_lbl00031   0x00175c    program     static                          
               device_dsc   0x001764    program     extern C:\dev\PSGModule\Firmware\usb_descriptors.c
        configDescriptor1   0x001776    program     extern C:\dev\PSGModule\Firmware\usb_descriptors.c
                    sd000   0x0017b9    program     extern C:\dev\PSGModule\Firmware\usb_descriptors.c
                    sd001   0x0017bd    program     extern C:\dev\PSGModule\Firmware\usb_descriptors.c
                    sd002   0x0017f1    program     extern C:\dev\PSGModule\Firmware\usb_descriptors.c
               USB_CD_Ptr   0x001825    program     extern C:\dev\PSGModule\Firmware\usb_descriptors.c
               USB_SD_Ptr   0x001827    program     extern C:\dev\PSGModule\Firmware\usb_descriptors.c
                _do_cinit   0x00182e    program     extern E:\3.46\pic18-lt\cxx-framework\src\traditional\startup\c018i.c
                     test   0x001848    program     static                          
                copy_loop   0x0018a0    program     static                          
            copy_one_byte   0x0018a6    program     static                          
             done_copying   0x0018b4    program     static                          
                     done   0x0018ca    program     static                          
       ___return_lbl00002   0x0018ca    program     static                          
                   memset   0x0018cc    program     extern E:\3.46\pic18-lt\cxx-framework\src\traditional\stdclib\memset.asm
                    jLoop   0x0018e0    program     static E:\3.46\pic18-lt\cxx-framework\src\traditional\stdclib\memset.asm
              _2jContinue   0x0018ec    program     static E:\3.46\pic18-lt\cxx-framework\src\traditional\stdclib\memset.asm
                   _3jEnd   0x0018f6    program     static E:\3.46\pic18-lt\cxx-framework\src\traditional\stdclib\memset.asm
                     jEnd   0x0018fe    program     static E:\3.46\pic18-lt\cxx-framework\src\traditional\stdclib\memset.asm
            __zero_memory   0x001900    program     extern E:\3.46\pic18-lt\cxx-framework\src\traditional\proc\p18f2550.asm
               zero_block   0x00190e    program     static E:\3.46\pic18-lt\cxx-framework\src\traditional\proc\p18f2550.asm
                   loop_h   0x00190e    program     static E:\3.46\pic18-lt\cxx-framework\src\traditional\proc\p18f2550.asm
                compare_l   0x001916    program     static E:\3.46\pic18-lt\cxx-framework\src\traditional\proc\p18f2550.asm
                   loop_l   0x001918    program     static E:\3.46\pic18-lt\cxx-framework\src\traditional\proc\p18f2550.asm
                 _startup   0x001920    program     extern E:\3.46\pic18-lt\cxx-framework\src\traditional\startup\c018i.c
                     loop   0x001930    program     static                          
       ___return_lbl00001   0x00193a    program     static                          
              Delay10TCYx   0x00193c    program     extern E:\3.46\pic18-lt\cxx-framework\src\traditional\delays\d10tcyx.asm
                     D10x   0x001944    program     static E:\3.46\pic18-lt\cxx-framework\src\traditional\delays\d10tcyx.asm
        _D10TCYXCODE_000A   0x001946    program     static E:\3.46\pic18-lt\cxx-framework\src\traditional\delays\d10tcyx.asm
        _D10TCYXCODE_000C   0x001948    program     static E:\3.46\pic18-lt\cxx-framework\src\traditional\delays\d10tcyx.asm
        _D10TCYXCODE_000E   0x00194a    program     static E:\3.46\pic18-lt\cxx-framework\src\traditional\delays\d10tcyx.asm
                    D10_1   0x00194c    program     static E:\3.46\pic18-lt\cxx-framework\src\traditional\delays\d10tcyx.asm
                   __init   0x001952    program     extern E:\3.46\pic18-lt\cxx-framework\src\traditional\stdclib\__init.c
               __config_0   0x300000    program     static C:\dev\PSGModule\Firmware\main.c
               __config_1   0x300001    program     static C:\dev\PSGModule\Firmware\main.c
               __config_2   0x300002    program     static C:\dev\PSGModule\Firmware\main.c
               __config_3   0x300003    program     static C:\dev\PSGModule\Firmware\main.c
               __config_4   0x300005    program     static C:\dev\PSGModule\Firmware\main.c
               __config_5   0x300006    program     static C:\dev\PSGModule\Firmware\main.c
               __config_6   0x300008    program     static C:\dev\PSGModule\Firmware\main.c
               __config_7   0x300009    program     static C:\dev\PSGModule\Firmware\main.c
               __config_8   0x30000a    program     static C:\dev\PSGModule\Firmware\main.c
               __config_9   0x30000b    program     static C:\dev\PSGModule\Firmware\main.c
              __config_10   0x30000c    program     static C:\dev\PSGModule\Firmware\main.c
              __config_11   0x30000d    program     static C:\dev\PSGModule\Firmware\main.c
                  __REMB3   0x000000       data     extern E:\3.46\pic18-lt\cxx-framework\src\traditional\math\aarg.asm
                 __AARGB7   0x000000       data     extern E:\3.46\pic18-lt\cxx-framework\src\traditional\math\aarg.asm
                  __REMB2   0x000001       data     extern E:\3.46\pic18-lt\cxx-framework\src\traditional\math\aarg.asm
                 __AARGB6   0x000001       data     extern E:\3.46\pic18-lt\cxx-framework\src\traditional\math\aarg.asm
                 __AARGB5   0x000002       data     extern E:\3.46\pic18-lt\cxx-framework\src\traditional\math\aarg.asm
                  __REMB1   0x000002       data     extern E:\3.46\pic18-lt\cxx-framework\src\traditional\math\aarg.asm
                  __REMB0   0x000003       data     extern E:\3.46\pic18-lt\cxx-framework\src\traditional\math\aarg.asm
                 __AARGB4   0x000003       data     extern E:\3.46\pic18-lt\cxx-framework\src\traditional\math\aarg.asm
                 __AARGB3   0x000004       data     extern E:\3.46\pic18-lt\cxx-framework\src\traditional\math\aarg.asm
                 __AARGB2   0x000005       data     extern E:\3.46\pic18-lt\cxx-framework\src\traditional\math\aarg.asm
                 __AARGB1   0x000006       data     extern E:\3.46\pic18-lt\cxx-framework\src\traditional\math\aarg.asm
                 __AARGB0   0x000007       data     extern E:\3.46\pic18-lt\cxx-framework\src\traditional\math\aarg.asm
                   __AEXP   0x000008       data     extern E:\3.46\pic18-lt\cxx-framework\src\traditional\math\aarg.asm
                     SIGN   0x000009       data     extern E:\3.46\pic18-lt\cxx-framework\src\traditional\math\cmath18.asm
                __FPFLAGS   0x00000a       data     extern E:\3.46\pic18-lt\cxx-framework\src\traditional\math\cmath18.asm
            __FPFLAGSbits   0x00000a       data     extern E:\3.46\pic18-lt\cxx-framework\src\traditional\math\cmath18.asm
                  __tmp_0   0x00000b       data     static C:\dev\PSGModule\Firmware\MCHPFSUSB2.5\Usb\CDC Device Driver\usb_function_cdc.c
                  __tmp_0   0x00000b       data     static C:\dev\PSGModule\Firmware\MCHPFSUSB2.5\Usb\usb_device.c
            USB_In_Buffer   0x000060       data     extern C:\dev\PSGModule\Firmware\main.c
           USB_Out_Buffer   0x0000a0       data     extern C:\dev\PSGModule\Firmware\main.c
              delay_count   0x0000e0       data     static C:\dev\PSGModule\Firmware\main.c
               cdc_rx_len   0x0000e2       data     extern C:\dev\PSGModule\Firmware\MCHPFSUSB2.5\Usb\CDC Device Driver\usb_function_cdc.c
            cdc_trf_state   0x0000e3       data     extern C:\dev\PSGModule\Firmware\MCHPFSUSB2.5\Usb\CDC Device Driver\usb_function_cdc.c
                  pCDCSrc   0x0000e4       data     extern C:\dev\PSGModule\Firmware\MCHPFSUSB2.5\Usb\CDC Device Driver\usb_function_cdc.c
                  pCDCDst   0x0000e6       data     extern C:\dev\PSGModule\Firmware\MCHPFSUSB2.5\Usb\CDC Device Driver\usb_function_cdc.c
               cdc_tx_len   0x0000e8       data     extern C:\dev\PSGModule\Firmware\MCHPFSUSB2.5\Usb\CDC Device Driver\usb_function_cdc.c
             cdc_mem_type   0x0000e9       data     extern C:\dev\PSGModule\Firmware\MCHPFSUSB2.5\Usb\CDC Device Driver\usb_function_cdc.c
         CDCDataOutHandle   0x0000ea       data     extern C:\dev\PSGModule\Firmware\MCHPFSUSB2.5\Usb\CDC Device Driver\usb_function_cdc.c
          CDCDataInHandle   0x0000ec       data     extern C:\dev\PSGModule\Firmware\MCHPFSUSB2.5\Usb\CDC Device Driver\usb_function_cdc.c
    control_signal_bitmap   0x0000ee       data     extern C:\dev\PSGModule\Firmware\MCHPFSUSB2.5\Usb\CDC Device Driver\usb_function_cdc.c
              BaudRateGen   0x0000ef       data     extern C:\dev\PSGModule\Firmware\MCHPFSUSB2.5\Usb\CDC Device Driver\usb_function_cdc.c
dummy_encapsulated_cmd_response   0x0000f3       data     extern C:\dev\PSGModule\Firmware\MCHPFSUSB2.5\Usb\CDC Device Driver\usb_function_cdc.c
           USBDeviceState   0x000300       data     extern C:\dev\PSGModule\Firmware\MCHPFSUSB2.5\Usb\usb_device.c
   USBActiveConfiguration   0x000301       data     extern C:\dev\PSGModule\Firmware\MCHPFSUSB2.5\Usb\usb_device.c
    USBAlternateInterface   0x000302       data     extern C:\dev\PSGModule\Firmware\MCHPFSUSB2.5\Usb\usb_device.c
   pBDTEntryEP0OutCurrent   0x000303       data     extern C:\dev\PSGModule\Firmware\MCHPFSUSB2.5\Usb\usb_device.c
      pBDTEntryEP0OutNext   0x000305       data     extern C:\dev\PSGModule\Firmware\MCHPFSUSB2.5\Usb\usb_device.c
             pBDTEntryOut   0x000307       data     extern C:\dev\PSGModule\Firmware\MCHPFSUSB2.5\Usb\usb_device.c
              pBDTEntryIn   0x00030f       data     extern C:\dev\PSGModule\Firmware\MCHPFSUSB2.5\Usb\usb_device.c
        shortPacketStatus   0x000317       data     extern C:\dev\PSGModule\Firmware\MCHPFSUSB2.5\Usb\usb_device.c
     controlTransferState   0x000318       data     extern C:\dev\PSGModule\Firmware\MCHPFSUSB2.5\Usb\usb_device.c
                  inPipes   0x000319       data     extern C:\dev\PSGModule\Firmware\MCHPFSUSB2.5\Usb\usb_device.c
                 outPipes   0x00031e       data     extern C:\dev\PSGModule\Firmware\MCHPFSUSB2.5\Usb\usb_device.c
                     pDst   0x000325       data     extern C:\dev\PSGModule\Firmware\MCHPFSUSB2.5\Usb\usb_device.c
             RemoteWakeup   0x000327       data     extern C:\dev\PSGModule\Firmware\MCHPFSUSB2.5\Usb\usb_device.c
                USTATcopy   0x000328       data     extern C:\dev\PSGModule\Firmware\MCHPFSUSB2.5\Usb\usb_device.c
       BothEP0OutUOWNsSet   0x000329       data     extern C:\dev\PSGModule\Firmware\MCHPFSUSB2.5\Usb\usb_device.c
       USBInMaxPacketSize   0x00032a       data     extern C:\dev\PSGModule\Firmware\MCHPFSUSB2.5\Usb\usb_device.c
                USBInData   0x000330       data     extern C:\dev\PSGModule\Firmware\MCHPFSUSB2.5\Usb\usb_device.c
                     prom   0x000336       data     static E:\3.46\pic18-lt\cxx-framework\src\traditional\startup\c018i.c
                curr_byte   0x000339       data     static E:\3.46\pic18-lt\cxx-framework\src\traditional\startup\c018i.c
               curr_entry   0x00033b       data     static E:\3.46\pic18-lt\cxx-framework\src\traditional\startup\c018i.c
                 data_ptr   0x00033d       data     static E:\3.46\pic18-lt\cxx-framework\src\traditional\startup\c018i.c
                      BDT   0x000400       data     extern C:\dev\PSGModule\Firmware\MCHPFSUSB2.5\Usb\usb_device.c
                 SetupPkt   0x000440       data     extern C:\dev\PSGModule\Firmware\MCHPFSUSB2.5\Usb\usb_device.c
              CtrlTrfData   0x000448       data     extern C:\dev\PSGModule\Firmware\MCHPFSUSB2.5\Usb\usb_device.c
               cdc_notice   0x000500       data     extern C:\dev\PSGModule\Firmware\MCHPFSUSB2.5\Usb\CDC Device Driver\usb_function_cdc.c
              cdc_data_rx   0x000508       data     extern C:\dev\PSGModule\Firmware\MCHPFSUSB2.5\Usb\CDC Device Driver\usb_function_cdc.c
              cdc_data_tx   0x000548       data     extern C:\dev\PSGModule\Firmware\MCHPFSUSB2.5\Usb\CDC Device Driver\usb_function_cdc.c
              line_coding   0x000588       data     extern C:\dev\PSGModule\Firmware\MCHPFSUSB2.5\Usb\CDC Device Driver\usb_function_cdc.c
                     UFRM   0x000f66       data     extern E:\3.46\pic18-lt\cxx-framework\src\traditional\proc\p18f2550.asm
                UFRMLbits   0x000f66       data     extern E:\3.46\pic18-lt\cxx-framework\src\traditional\proc\p18f2550.asm
                    UFRML   0x000f66       data     extern E:\3.46\pic18-lt\cxx-framework\src\traditional\proc\p18f2550.asm
                UFRMHbits   0x000f67       data     extern E:\3.46\pic18-lt\cxx-framework\src\traditional\proc\p18f2550.asm
                    UFRMH   0x000f67       data     extern E:\3.46\pic18-lt\cxx-framework\src\traditional\proc\p18f2550.asm
                  UIRbits   0x000f68       data     extern E:\3.46\pic18-lt\cxx-framework\src\traditional\proc\p18f2550.asm
                      UIR   0x000f68       data     extern E:\3.46\pic18-lt\cxx-framework\src\traditional\proc\p18f2550.asm
                  UIEbits   0x000f69       data     extern E:\3.46\pic18-lt\cxx-framework\src\traditional\proc\p18f2550.asm
                      UIE   0x000f69       data     extern E:\3.46\pic18-lt\cxx-framework\src\traditional\proc\p18f2550.asm
                     UEIR   0x000f6a       data     extern E:\3.46\pic18-lt\cxx-framework\src\traditional\proc\p18f2550.asm
                 UEIRbits   0x000f6a       data     extern E:\3.46\pic18-lt\cxx-framework\src\traditional\proc\p18f2550.asm
                     UEIE   0x000f6b       data     extern E:\3.46\pic18-lt\cxx-framework\src\traditional\proc\p18f2550.asm
                 UEIEbits   0x000f6b       data     extern E:\3.46\pic18-lt\cxx-framework\src\traditional\proc\p18f2550.asm
                USTATbits   0x000f6c       data     extern E:\3.46\pic18-lt\cxx-framework\src\traditional\proc\p18f2550.asm
                    USTAT   0x000f6c       data     extern E:\3.46\pic18-lt\cxx-framework\src\traditional\proc\p18f2550.asm
                     UCON   0x000f6d       data     extern E:\3.46\pic18-lt\cxx-framework\src\traditional\proc\p18f2550.asm
                 UCONbits   0x000f6d       data     extern E:\3.46\pic18-lt\cxx-framework\src\traditional\proc\p18f2550.asm
                UADDRbits   0x000f6e       data     extern E:\3.46\pic18-lt\cxx-framework\src\traditional\proc\p18f2550.asm
                    UADDR   0x000f6e       data     extern E:\3.46\pic18-lt\cxx-framework\src\traditional\proc\p18f2550.asm
                     UCFG   0x000f6f       data     extern E:\3.46\pic18-lt\cxx-framework\src\traditional\proc\p18f2550.asm
                 UCFGbits   0x000f6f       data     extern E:\3.46\pic18-lt\cxx-framework\src\traditional\proc\p18f2550.asm
                     UEP0   0x000f70       data     extern E:\3.46\pic18-lt\cxx-framework\src\traditional\proc\p18f2550.asm
                 UEP0bits   0x000f70       data     extern E:\3.46\pic18-lt\cxx-framework\src\traditional\proc\p18f2550.asm
                 UEP1bits   0x000f71       data     extern E:\3.46\pic18-lt\cxx-framework\src\traditional\proc\p18f2550.asm
                     UEP1   0x000f71       data     extern E:\3.46\pic18-lt\cxx-framework\src\traditional\proc\p18f2550.asm
                     UEP2   0x000f72       data     extern E:\3.46\pic18-lt\cxx-framework\src\traditional\proc\p18f2550.asm
                 UEP2bits   0x000f72       data     extern E:\3.46\pic18-lt\cxx-framework\src\traditional\proc\p18f2550.asm
                     UEP3   0x000f73       data     extern E:\3.46\pic18-lt\cxx-framework\src\traditional\proc\p18f2550.asm
                 UEP3bits   0x000f73       data     extern E:\3.46\pic18-lt\cxx-framework\src\traditional\proc\p18f2550.asm
                     UEP4   0x000f74       data     extern E:\3.46\pic18-lt\cxx-framework\src\traditional\proc\p18f2550.asm
                 UEP4bits   0x000f74       data     extern E:\3.46\pic18-lt\cxx-framework\src\traditional\proc\p18f2550.asm
                 UEP5bits   0x000f75       data     extern E:\3.46\pic18-lt\cxx-framework\src\traditional\proc\p18f2550.asm
                     UEP5   0x000f75       data     extern E:\3.46\pic18-lt\cxx-framework\src\traditional\proc\p18f2550.asm
                 UEP6bits   0x000f76       data     extern E:\3.46\pic18-lt\cxx-framework\src\traditional\proc\p18f2550.asm
                     UEP6   0x000f76       data     extern E:\3.46\pic18-lt\cxx-framework\src\traditional\proc\p18f2550.asm
                 UEP7bits   0x000f77       data     extern E:\3.46\pic18-lt\cxx-framework\src\traditional\proc\p18f2550.asm
                     UEP7   0x000f77       data     extern E:\3.46\pic18-lt\cxx-framework\src\traditional\proc\p18f2550.asm
                     UEP8   0x000f78       data     extern E:\3.46\pic18-lt\cxx-framework\src\traditional\proc\p18f2550.asm
                 UEP8bits   0x000f78       data     extern E:\3.46\pic18-lt\cxx-framework\src\traditional\proc\p18f2550.asm
                 UEP9bits   0x000f79       data     extern E:\3.46\pic18-lt\cxx-framework\src\traditional\proc\p18f2550.asm
                     UEP9   0x000f79       data     extern E:\3.46\pic18-lt\cxx-framework\src\traditional\proc\p18f2550.asm
                UEP10bits   0x000f7a       data     extern E:\3.46\pic18-lt\cxx-framework\src\traditional\proc\p18f2550.asm
                    UEP10   0x000f7a       data     extern E:\3.46\pic18-lt\cxx-framework\src\traditional\proc\p18f2550.asm
                    UEP11   0x000f7b       data     extern E:\3.46\pic18-lt\cxx-framework\src\traditional\proc\p18f2550.asm
                UEP11bits   0x000f7b       data     extern E:\3.46\pic18-lt\cxx-framework\src\traditional\proc\p18f2550.asm
                    UEP12   0x000f7c       data     extern E:\3.46\pic18-lt\cxx-framework\src\traditional\proc\p18f2550.asm
                UEP12bits   0x000f7c       data     extern E:\3.46\pic18-lt\cxx-framework\src\traditional\proc\p18f2550.asm
                UEP13bits   0x000f7d       data     extern E:\3.46\pic18-lt\cxx-framework\src\traditional\proc\p18f2550.asm
                    UEP13   0x000f7d       data     extern E:\3.46\pic18-lt\cxx-framework\src\traditional\proc\p18f2550.asm
                UEP14bits   0x000f7e       data     extern E:\3.46\pic18-lt\cxx-framework\src\traditional\proc\p18f2550.asm
                    UEP14   0x000f7e       data     extern E:\3.46\pic18-lt\cxx-framework\src\traditional\proc\p18f2550.asm
                    UEP15   0x000f7f       data     extern E:\3.46\pic18-lt\cxx-framework\src\traditional\proc\p18f2550.asm
                UEP15bits   0x000f7f       data     extern E:\3.46\pic18-lt\cxx-framework\src\traditional\proc\p18f2550.asm
                PORTAbits   0x000f80       data     extern E:\3.46\pic18-lt\cxx-framework\src\traditional\proc\p18f2550.asm
                    PORTA   0x000f80       data     extern E:\3.46\pic18-lt\cxx-framework\src\traditional\proc\p18f2550.asm
[...]
                 LATCbits   0x000f8b       data     extern E:\3.46\pic18-lt\cxx-framework\src\traditional\proc\p18f2550.asm
                    TRISA   0x000f92       data     extern E:\3.46\pic18-lt\cxx-framework\src\traditional\proc\p18f2550.asm
                TRISAbits   0x000f92       data     extern E:\3.46\pic18-lt\cxx-framework\src\traditional\proc\p18f2550.asm
                     DDRA   0x000f92       data     extern E:\3.46\pic18-lt\cxx-framework\src\traditional\proc\p18f2550.asm
                 DDRAbits   0x000f92       data     extern E:\3.46\pic18-lt\cxx-framework\src\traditional\proc\p18f2550.asm
                    TRISB   0x000f93       data     extern E:\3.46\pic18-lt\cxx-framework\src\traditional\proc\p18f2550.asm
                TRISBbits   0x000f93       data     extern E:\3.46\pic18-lt\cxx-framework\src\traditional\proc\p18f2550.asm
                 DDRBbits   0x000f93       data     extern E:\3.46\pic18-lt\cxx-framework\src\traditional\proc\p18f2550.asm
                     DDRB   0x000f93       data     extern E:\3.46\pic18-lt\cxx-framework\src\traditional\proc\p18f2550.asm
                TRISCbits   0x000f94       data     extern E:\3.46\pic18-lt\cxx-framework\src\traditional\proc\p18f2550.asm
                 DDRCbits   0x000f94       data     extern E:\3.46\pic18-lt\cxx-framework\src\traditional\proc\p18f2550.asm
                     DDRC   0x000f94       data     extern E:\3.46\pic18-lt\cxx-framework\src\traditional\proc\p18f2550.asm
                    TRISC   0x000f94       data     extern E:\3.46\pic18-lt\cxx-framework\src\traditional\proc\p18f2550.asm
              OSCTUNEbits   0x000f9b       data     extern E:\3.46\pic18-lt\cxx-framework\src\traditional\proc\p18f2550.asm
                  OSCTUNE   0x000f9b       data     extern E:\3.46\pic18-lt\cxx-framework\src\traditional\proc\p18f2550.asm
                 PIE1bits   0x000f9d       data     extern E:\3.46\pic18-lt\cxx-framework\src\traditional\proc\p18f2550.asm
                     PIE1   0x000f9d       data     extern E:\3.46\pic18-lt\cxx-framework\src\traditional\proc\p18f2550.asm
                 PIR1bits   0x000f9e       data     extern E:\3.46\pic18-lt\cxx-framework\src\traditional\proc\p18f2550.asm
                     PIR1   0x000f9e       data     extern E:\3.46\pic18-lt\cxx-framework\src\traditional\proc\p18f2550.asm
                 IPR1bits   0x000f9f       data     extern E:\3.46\pic18-lt\cxx-framework\src\traditional\proc\p18f2550.asm
                     IPR1   0x000f9f       data     extern E:\3.46\pic18-lt\cxx-framework\src\traditional\proc\p18f2550.asm
                 PIE2bits   0x000fa0       data     extern E:\3.46\pic18-lt\cxx-framework\src\traditional\proc\p18f2550.asm
                     PIE2   0x000fa0       data     extern E:\3.46\pic18-lt\cxx-framework\src\traditional\proc\p18f2550.asm
                 PIR2bits   0x000fa1       data     extern E:\3.46\pic18-lt\cxx-framework\src\traditional\proc\p18f2550.asm
                     PIR2   0x000fa1       data     extern E:\3.46\pic18-lt\cxx-framework\src\traditional\proc\p18f2550.asm
                 IPR2bits   0x000fa2       data     extern E:\3.46\pic18-lt\cxx-framework\src\traditional\proc\p18f2550.asm
                     IPR2   0x000fa2       data     extern E:\3.46\pic18-lt\cxx-framework\src\traditional\proc\p18f2550.asm
               EECON1bits   0x000fa6       data     extern E:\3.46\pic18-lt\cxx-framework\src\traditional\proc\p18f2550.asm
                   EECON1   0x000fa6       data     extern E:\3.46\pic18-lt\cxx-framework\src\traditional\proc\p18f2550.asm
                   EECON2   0x000fa7       data     extern E:\3.46\pic18-lt\cxx-framework\src\traditional\proc\p18f2550.asm
                   EEDATA   0x000fa8       data     extern E:\3.46\pic18-lt\cxx-framework\src\traditional\proc\p18f2550.asm
                    EEADR   0x000fa9       data     extern E:\3.46\pic18-lt\cxx-framework\src\traditional\proc\p18f2550.asm
                RCSTAbits   0x000fab       data     extern E:\3.46\pic18-lt\cxx-framework\src\traditional\proc\p18f2550.asm
                    RCSTA   0x000fab       data     extern E:\3.46\pic18-lt\cxx-framework\src\traditional\proc\p18f2550.asm
                    TXSTA   0x000fac       data     extern E:\3.46\pic18-lt\cxx-framework\src\traditional\proc\p18f2550.asm
                TXSTAbits   0x000fac       data     extern E:\3.46\pic18-lt\cxx-framework\src\traditional\proc\p18f2550.asm
                    TXREG   0x000fad       data     extern E:\3.46\pic18-lt\cxx-framework\src\traditional\proc\p18f2550.asm
                    RCREG   0x000fae       data     extern E:\3.46\pic18-lt\cxx-framework\src\traditional\proc\p18f2550.asm
                    SPBRG   0x000faf       data     extern E:\3.46\pic18-lt\cxx-framework\src\traditional\proc\p18f2550.asm
                   SPBRGH   0x000fb0       data     extern E:\3.46\pic18-lt\cxx-framework\src\traditional\proc\p18f2550.asm
                T3CONbits   0x000fb1       data     extern E:\3.46\pic18-lt\cxx-framework\src\traditional\proc\p18f2550.asm
                    T3CON   0x000fb1       data     extern E:\3.46\pic18-lt\cxx-framework\src\traditional\proc\p18f2550.asm
                    TMR3L   0x000fb2       data     extern E:\3.46\pic18-lt\cxx-framework\src\traditional\proc\p18f2550.asm
                    TMR3H   0x000fb3       data     extern E:\3.46\pic18-lt\cxx-framework\src\traditional\proc\p18f2550.asm
                    CMCON   0x000fb4       data     extern E:\3.46\pic18-lt\cxx-framework\src\traditional\proc\p18f2550.asm
                CMCONbits   0x000fb4       data     extern E:\3.46\pic18-lt\cxx-framework\src\traditional\proc\p18f2550.asm
                   CVRCON   0x000fb5       data     extern E:\3.46\pic18-lt\cxx-framework\src\traditional\proc\p18f2550.asm
               CVRCONbits   0x000fb5       data     extern E:\3.46\pic18-lt\cxx-framework\src\traditional\proc\p18f2550.asm
                   CCP1AS   0x000fb6       data     extern E:\3.46\pic18-lt\cxx-framework\src\traditional\proc\p18f2550.asm
               CCP1ASbits   0x000fb6       data     extern E:\3.46\pic18-lt\cxx-framework\src\traditional\proc\p18f2550.asm
                  ECCP1AS   0x000fb6       data     extern E:\3.46\pic18-lt\cxx-framework\src\traditional\proc\p18f2550.asm
              ECCP1ASbits   0x000fb6       data     extern E:\3.46\pic18-lt\cxx-framework\src\traditional\proc\p18f2550.asm
                  CCP1DEL   0x000fb7       data     extern E:\3.46\pic18-lt\cxx-framework\src\traditional\proc\p18f2550.asm
              CCP1DELbits   0x000fb7       data     extern E:\3.46\pic18-lt\cxx-framework\src\traditional\proc\p18f2550.asm
             ECCP1DELbits   0x000fb7       data     extern E:\3.46\pic18-lt\cxx-framework\src\traditional\proc\p18f2550.asm
                 ECCP1DEL   0x000fb7       data     extern E:\3.46\pic18-lt\cxx-framework\src\traditional\proc\p18f2550.asm
                  BAUDCON   0x000fb8       data     extern E:\3.46\pic18-lt\cxx-framework\src\traditional\proc\p18f2550.asm
              BAUDCONbits   0x000fb8       data     extern E:\3.46\pic18-lt\cxx-framework\src\traditional\proc\p18f2550.asm
                  BAUDCTL   0x000fb8       data     extern E:\3.46\pic18-lt\cxx-framework\src\traditional\proc\p18f2550.asm
              BAUDCTLbits   0x000fb8       data     extern E:\3.46\pic18-lt\cxx-framework\src\traditional\proc\p18f2550.asm
              CCP2CONbits   0x000fba       data     extern E:\3.46\pic18-lt\cxx-framework\src\traditional\proc\p18f2550.asm
                  CCP2CON   0x000fba       data     extern E:\3.46\pic18-lt\cxx-framework\src\traditional\proc\p18f2550.asm
                    CCPR2   0x000fbb       data     extern E:\3.46\pic18-lt\cxx-framework\src\traditional\proc\p18f2550.asm
                   CCPR2L   0x000fbb       data     extern E:\3.46\pic18-lt\cxx-framework\src\traditional\proc\p18f2550.asm
                   CCPR2H   0x000fbc       data     extern E:\3.46\pic18-lt\cxx-framework\src\traditional\proc\p18f2550.asm
              CCP1CONbits   0x000fbd       data     extern E:\3.46\pic18-lt\cxx-framework\src\traditional\proc\p18f2550.asm
                  CCP1CON   0x000fbd       data     extern E:\3.46\pic18-lt\cxx-framework\src\traditional\proc\p18f2550.asm
                    CCPR1   0x000fbe       data     extern E:\3.46\pic18-lt\cxx-framework\src\traditional\proc\p18f2550.asm
                   CCPR1L   0x000fbe       data     extern E:\3.46\pic18-lt\cxx-framework\src\traditional\proc\p18f2550.asm
                   CCPR1H   0x000fbf       data     extern E:\3.46\pic18-lt\cxx-framework\src\traditional\proc\p18f2550.asm
               ADCON2bits   0x000fc0       data     extern E:\3.46\pic18-lt\cxx-framework\src\traditional\proc\p18f2550.asm
                   ADCON2   0x000fc0       data     extern E:\3.46\pic18-lt\cxx-framework\src\traditional\proc\p18f2550.asm
               ADCON1bits   0x000fc1       data     extern E:\3.46\pic18-lt\cxx-framework\src\traditional\proc\p18f2550.asm
                   ADCON1   0x000fc1       data     extern E:\3.46\pic18-lt\cxx-framework\src\traditional\proc\p18f2550.asm
                   ADCON0   0x000fc2       data     extern E:\3.46\pic18-lt\cxx-framework\src\traditional\proc\p18f2550.asm
               ADCON0bits   0x000fc2       data     extern E:\3.46\pic18-lt\cxx-framework\src\traditional\proc\p18f2550.asm
                    ADRES   0x000fc3       data     extern E:\3.46\pic18-lt\cxx-framework\src\traditional\proc\p18f2550.asm
                   ADRESL   0x000fc3       data     extern E:\3.46\pic18-lt\cxx-framework\src\traditional\proc\p18f2550.asm
                   ADRESH   0x000fc4       data     extern E:\3.46\pic18-lt\cxx-framework\src\traditional\proc\p18f2550.asm
                  SSPCON2   0x000fc5       data     extern E:\3.46\pic18-lt\cxx-framework\src\traditional\proc\p18f2550.asm
              SSPCON2bits   0x000fc5       data     extern E:\3.46\pic18-lt\cxx-framework\src\traditional\proc\p18f2550.asm
                  SSPCON1   0x000fc6       data     extern E:\3.46\pic18-lt\cxx-framework\src\traditional\proc\p18f2550.asm
              SSPCON1bits   0x000fc6       data     extern E:\3.46\pic18-lt\cxx-framework\src\traditional\proc\p18f2550.asm
              SSPSTATbits   0x000fc7       data     extern E:\3.46\pic18-lt\cxx-framework\src\traditional\proc\p18f2550.asm
                  SSPSTAT   0x000fc7       data     extern E:\3.46\pic18-lt\cxx-framework\src\traditional\proc\p18f2550.asm
                   SSPADD   0x000fc8       data     extern E:\3.46\pic18-lt\cxx-framework\src\traditional\proc\p18f2550.asm
                   SSPBUF   0x000fc9       data     extern E:\3.46\pic18-lt\cxx-framework\src\traditional\proc\p18f2550.asm
                T2CONbits   0x000fca       data     extern E:\3.46\pic18-lt\cxx-framework\src\traditional\proc\p18f2550.asm
                    T2CON   0x000fca       data     extern E:\3.46\pic18-lt\cxx-framework\src\traditional\proc\p18f2550.asm
                      PR2   0x000fcb       data     extern E:\3.46\pic18-lt\cxx-framework\src\traditional\proc\p18f2550.asm
                     TMR2   0x000fcc       data     extern E:\3.46\pic18-lt\cxx-framework\src\traditional\proc\p18f2550.asm
                T1CONbits   0x000fcd       data     extern E:\3.46\pic18-lt\cxx-framework\src\traditional\proc\p18f2550.asm
                    T1CON   0x000fcd       data     extern E:\3.46\pic18-lt\cxx-framework\src\traditional\proc\p18f2550.asm
                    TMR1L   0x000fce       data     extern E:\3.46\pic18-lt\cxx-framework\src\traditional\proc\p18f2550.asm
                    TMR1H   0x000fcf       data     extern E:\3.46\pic18-lt\cxx-framework\src\traditional\proc\p18f2550.asm
                     RCON   0x000fd0       data     extern E:\3.46\pic18-lt\cxx-framework\src\traditional\proc\p18f2550.asm
                 RCONbits   0x000fd0       data     extern E:\3.46\pic18-lt\cxx-framework\src\traditional\proc\p18f2550.asm
               WDTCONbits   0x000fd1       data     extern E:\3.46\pic18-lt\cxx-framework\src\traditional\proc\p18f2550.asm
                   WDTCON   0x000fd1       data     extern E:\3.46\pic18-lt\cxx-framework\src\traditional\proc\p18f2550.asm
                  HLVDCON   0x000fd2       data     extern E:\3.46\pic18-lt\cxx-framework\src\traditional\proc\p18f2550.asm
              HLVDCONbits   0x000fd2       data     extern E:\3.46\pic18-lt\cxx-framework\src\traditional\proc\p18f2550.asm
                   LVDCON   0x000fd2       data     extern E:\3.46\pic18-lt\cxx-framework\src\traditional\proc\p18f2550.asm
               LVDCONbits   0x000fd2       data     extern E:\3.46\pic18-lt\cxx-framework\src\traditional\proc\p18f2550.asm
                   OSCCON   0x000fd3       data     extern E:\3.46\pic18-lt\cxx-framework\src\traditional\proc\p18f2550.asm
               OSCCONbits   0x000fd3       data     extern E:\3.46\pic18-lt\cxx-framework\src\traditional\proc\p18f2550.asm
                T0CONbits   0x000fd5       data     extern E:\3.46\pic18-lt\cxx-framework\src\traditional\proc\p18f2550.asm
                    T0CON   0x000fd5       data     extern E:\3.46\pic18-lt\cxx-framework\src\traditional\proc\p18f2550.asm
                    TMR0L   0x000fd6       data     extern E:\3.46\pic18-lt\cxx-framework\src\traditional\proc\p18f2550.asm
                    TMR0H   0x000fd7       data     extern E:\3.46\pic18-lt\cxx-framework\src\traditional\proc\p18f2550.asm
                   STATUS   0x000fd8       data     extern E:\3.46\pic18-lt\cxx-framework\src\traditional\proc\p18f2550.asm
               STATUSbits   0x000fd8       data     extern E:\3.46\pic18-lt\cxx-framework\src\traditional\proc\p18f2550.asm
                     FSR2   0x000fd9       data     extern E:\3.46\pic18-lt\cxx-framework\src\traditional\proc\p18f2550.asm
                    FSR2L   0x000fd9       data     extern E:\3.46\pic18-lt\cxx-framework\src\traditional\proc\p18f2550.asm
                    FSR2H   0x000fda       data     extern E:\3.46\pic18-lt\cxx-framework\src\traditional\proc\p18f2550.asm
                   PLUSW2   0x000fdb       data     extern E:\3.46\pic18-lt\cxx-framework\src\traditional\proc\p18f2550.asm
                  PREINC2   0x000fdc       data     extern E:\3.46\pic18-lt\cxx-framework\src\traditional\proc\p18f2550.asm
                 POSTDEC2   0x000fdd       data     extern E:\3.46\pic18-lt\cxx-framework\src\traditional\proc\p18f2550.asm
                 POSTINC2   0x000fde       data     extern E:\3.46\pic18-lt\cxx-framework\src\traditional\proc\p18f2550.asm
                    INDF2   0x000fdf       data     extern E:\3.46\pic18-lt\cxx-framework\src\traditional\proc\p18f2550.asm
                      BSR   0x000fe0       data     extern E:\3.46\pic18-lt\cxx-framework\src\traditional\proc\p18f2550.asm
                    FSR1L   0x000fe1       data     extern E:\3.46\pic18-lt\cxx-framework\src\traditional\proc\p18f2550.asm
                     FSR1   0x000fe1       data     extern E:\3.46\pic18-lt\cxx-framework\src\traditional\proc\p18f2550.asm
                    FSR1H   0x000fe2       data     extern E:\3.46\pic18-lt\cxx-framework\src\traditional\proc\p18f2550.asm
                   PLUSW1   0x000fe3       data     extern E:\3.46\pic18-lt\cxx-framework\src\traditional\proc\p18f2550.asm
                  PREINC1   0x000fe4       data     extern E:\3.46\pic18-lt\cxx-framework\src\traditional\proc\p18f2550.asm
                 POSTDEC1   0x000fe5       data     extern E:\3.46\pic18-lt\cxx-framework\src\traditional\proc\p18f2550.asm
                 POSTINC1   0x000fe6       data     extern E:\3.46\pic18-lt\cxx-framework\src\traditional\proc\p18f2550.asm
                    INDF1   0x000fe7       data     extern E:\3.46\pic18-lt\cxx-framework\src\traditional\proc\p18f2550.asm
                     WREG   0x000fe8       data     extern E:\3.46\pic18-lt\cxx-framework\src\traditional\proc\p18f2550.asm
                    FSR0L   0x000fe9       data     extern E:\3.46\pic18-lt\cxx-framework\src\traditional\proc\p18f2550.asm
                     FSR0   0x000fe9       data     extern E:\3.46\pic18-lt\cxx-framework\src\traditional\proc\p18f2550.asm
                    FSR0H   0x000fea       data     extern E:\3.46\pic18-lt\cxx-framework\src\traditional\proc\p18f2550.asm
                   PLUSW0   0x000feb       data     extern E:\3.46\pic18-lt\cxx-framework\src\traditional\proc\p18f2550.asm
                  PREINC0   0x000fec       data     extern E:\3.46\pic18-lt\cxx-framework\src\traditional\proc\p18f2550.asm
                 POSTDEC0   0x000fed       data     extern E:\3.46\pic18-lt\cxx-framework\src\traditional\proc\p18f2550.asm
                 POSTINC0   0x000fee       data     extern E:\3.46\pic18-lt\cxx-framework\src\traditional\proc\p18f2550.asm
                    INDF0   0x000fef       data     extern E:\3.46\pic18-lt\cxx-framework\src\traditional\proc\p18f2550.asm
              INTCON3bits   0x000ff0       data     extern E:\3.46\pic18-lt\cxx-framework\src\traditional\proc\p18f2550.asm
                  INTCON3   0x000ff0       data     extern E:\3.46\pic18-lt\cxx-framework\src\traditional\proc\p18f2550.asm
              INTCON2bits   0x000ff1       data     extern E:\3.46\pic18-lt\cxx-framework\src\traditional\proc\p18f2550.asm
                  INTCON2   0x000ff1       data     extern E:\3.46\pic18-lt\cxx-framework\src\traditional\proc\p18f2550.asm
                   INTCON   0x000ff2       data     extern E:\3.46\pic18-lt\cxx-framework\src\traditional\proc\p18f2550.asm
               INTCONbits   0x000ff2       data     extern E:\3.46\pic18-lt\cxx-framework\src\traditional\proc\p18f2550.asm
                     PROD   0x000ff3       data     extern E:\3.46\pic18-lt\cxx-framework\src\traditional\proc\p18f2550.asm
                    PRODL   0x000ff3       data     extern E:\3.46\pic18-lt\cxx-framework\src\traditional\proc\p18f2550.asm
                    PRODH   0x000ff4       data     extern E:\3.46\pic18-lt\cxx-framework\src\traditional\proc\p18f2550.asm
                   TABLAT   0x000ff5       data     extern E:\3.46\pic18-lt\cxx-framework\src\traditional\proc\p18f2550.asm
                  TBLPTRL   0x000ff6       data     extern E:\3.46\pic18-lt\cxx-framework\src\traditional\proc\p18f2550.asm
                   TBLPTR   0x000ff6       data     extern E:\3.46\pic18-lt\cxx-framework\src\traditional\proc\p18f2550.asm
                  TBLPTRH   0x000ff7       data     extern E:\3.46\pic18-lt\cxx-framework\src\traditional\proc\p18f2550.asm
                  TBLPTRU   0x000ff8       data     extern E:\3.46\pic18-lt\cxx-framework\src\traditional\proc\p18f2550.asm
                       PC   0x000ff9       data     extern E:\3.46\pic18-lt\cxx-framework\src\traditional\proc\p18f2550.asm
                      PCL   0x000ff9       data     extern E:\3.46\pic18-lt\cxx-framework\src\traditional\proc\p18f2550.asm
                   PCLATH   0x000ffa       data     extern E:\3.46\pic18-lt\cxx-framework\src\traditional\proc\p18f2550.asm
                   PCLATU   0x000ffb       data     extern E:\3.46\pic18-lt\cxx-framework\src\traditional\proc\p18f2550.asm
               STKPTRbits   0x000ffc       data     extern E:\3.46\pic18-lt\cxx-framework\src\traditional\proc\p18f2550.asm
                   STKPTR   0x000ffc       data     extern E:\3.46\pic18-lt\cxx-framework\src\traditional\proc\p18f2550.asm
                      TOS   0x000ffd       data     extern E:\3.46\pic18-lt\cxx-framework\src\traditional\proc\p18f2550.asm
                     TOSL   0x000ffd       data     extern E:\3.46\pic18-lt\cxx-framework\src\traditional\proc\p18f2550.asm
                     TOSH   0x000ffe       data     extern E:\3.46\pic18-lt\cxx-framework\src\traditional\proc\p18f2550.asm
                     TOSU   0x000fff       data     extern E:\3.46\pic18-lt\cxx-framework\src\traditional\proc\p18f2550.asm


